Archive member included to satisfy reference by file (symbol)

/home/francisco/Workspace/nodo/src/bin/native/gcoap.a(main.o)
                              /usr/lib/gcc/x86_64-linux-gnu/5/../../../../lib32/crt1.o (main)
/home/francisco/Workspace/nodo/src/bin/native/gcoap.a(gcoap_cli.o)
                              /home/francisco/Workspace/nodo/src/bin/native/gcoap.a(main.o) (gcoap_cli_cmd)
/home/francisco/Workspace/nodo/src/bin/native/gcoap.a(gcoap.o)
                              /home/francisco/Workspace/nodo/src/bin/native/gcoap.a(gcoap_cli.o) (gcoap_resp_init)
/home/francisco/Workspace/nodo/src/bin/native/board.a(board_init.o)
                              /home/francisco/Workspace/nodo/src/bin/native/cpu/startup.o (board_init)
/home/francisco/Workspace/nodo/src/bin/native/core.a(mutex.o)
                              /home/francisco/Workspace/nodo/src/bin/native/gcoap.a(gcoap.o) (_mutex_lock)
/home/francisco/Workspace/nodo/src/bin/native/core.a(sched.o)
                              /home/francisco/Workspace/nodo/src/bin/native/core.a(mutex.o) (sched_active_thread)
/home/francisco/Workspace/nodo/src/bin/native/core.a(kernel_init.o)
                              /home/francisco/Workspace/nodo/src/bin/native/cpu/startup.o (kernel_init)
/home/francisco/Workspace/nodo/src/bin/native/core.a(assert.o)
                              /home/francisco/Workspace/nodo/src/bin/native/cpu/startup.o (_assert_failure)
/home/francisco/Workspace/nodo/src/bin/native/core.a(thread.o)
                              /home/francisco/Workspace/nodo/src/bin/native/core.a(mutex.o) (thread_add_to_list)
/home/francisco/Workspace/nodo/src/bin/native/core.a(mbox.o)
                              /home/francisco/Workspace/nodo/src/bin/native/gcoap.a(gcoap.o) (_mbox_put)
/home/francisco/Workspace/nodo/src/bin/native/core.a(msg.o)
                              /home/francisco/Workspace/nodo/src/bin/native/gcoap.a(gcoap.o) (msg_try_receive)
/home/francisco/Workspace/nodo/src/bin/native/core.a(panic.o)
                              /home/francisco/Workspace/nodo/src/bin/native/core.a(assert.o) (assert_crash_message)
/home/francisco/Workspace/nodo/src/bin/native/core.a(bitarithm.o)
                              /home/francisco/Workspace/nodo/src/bin/native/core.a(sched.o) (bitarithm_lsb)
/home/francisco/Workspace/nodo/src/bin/native/cpu.a(syscalls.o)
                              /home/francisco/Workspace/nodo/src/bin/native/cpu/startup.o (real_exit)
/home/francisco/Workspace/nodo/src/bin/native/cpu.a(irq_cpu.o)
                              /home/francisco/Workspace/nodo/src/bin/native/cpu.a(syscalls.o) (native_interrupts_enabled)
/home/francisco/Workspace/nodo/src/bin/native/cpu.a(native_cpu.o)
                              /home/francisco/Workspace/nodo/src/bin/native/core.a(thread.o) (thread_stack_init)
/home/francisco/Workspace/nodo/src/bin/native/cpu.a(tramp.o)
                              /home/francisco/Workspace/nodo/src/bin/native/cpu.a(irq_cpu.o) (_native_sig_leave_tramp)
/home/francisco/Workspace/nodo/src/bin/native/fmt.a(fmt.o)
                              /home/francisco/Workspace/nodo/src/bin/native/gcoap.a(gcoap_cli.o) (fmt_u16_dec)
/home/francisco/Workspace/nodo/src/bin/native/gnrc_sock_udp.a(gnrc_sock_udp.o)
                              /home/francisco/Workspace/nodo/src/bin/native/gcoap.a(gcoap.o) (sock_udp_create)
/home/francisco/Workspace/nodo/src/bin/native/gnrc_udp.a(gnrc_udp.o)
                              /home/francisco/Workspace/nodo/src/bin/native/gnrc_sock_udp.a(gnrc_sock_udp.o) (gnrc_udp_hdr_build)
/home/francisco/Workspace/nodo/src/bin/native/inet_csum.a(inet_csum.o)
                              /home/francisco/Workspace/nodo/src/bin/native/gnrc_udp.a(gnrc_udp.o) (inet_csum_slice)
/home/francisco/Workspace/nodo/src/bin/native/ipv6_addr.a(ipv6_addr.o)
                              /home/francisco/Workspace/nodo/src/bin/native/gnrc_sock_udp.a(gnrc_sock_udp.o) (ipv6_addr_unspecified)
/home/francisco/Workspace/nodo/src/bin/native/ipv6_addr.a(ipv6_addr_to_str.o)
                              /home/francisco/Workspace/nodo/src/bin/native/ipv6_addr.a(ipv6_addr.o) (ipv6_addr_to_str)
/home/francisco/Workspace/nodo/src/bin/native/ipv6_addr.a(ipv6_addr_from_str.o)
                              /home/francisco/Workspace/nodo/src/bin/native/gcoap.a(gcoap_cli.o) (ipv6_addr_from_str)
/home/francisco/Workspace/nodo/src/bin/native/nanocoap.a(nanocoap.o)
                              /home/francisco/Workspace/nodo/src/bin/native/gcoap.a(gcoap.o) (coap_parse)
/home/francisco/Workspace/nodo/src/bin/native/native-drivers.a(native-led.o)
                              /home/francisco/Workspace/nodo/src/bin/native/board.a(board_init.o) (_native_LED_GREEN_ON)
/home/francisco/Workspace/nodo/src/bin/native/od.a(od.o)
                              /home/francisco/Workspace/nodo/src/bin/native/gcoap.a(gcoap_cli.o) (od_hex_dump)
/home/francisco/Workspace/nodo/src/bin/native/periph.a(uart.o)
[...]
Memory Configuration

Name             Origin             Length             Attributes
*default*        0x0000000000000000 0xffffffffffffffff

Linker script and memory map

LOAD /usr/lib/gcc/x86_64-linux-gnu/5/../../../../lib32/crt1.o
LOAD /usr/lib/gcc/x86_64-linux-gnu/5/../../../../lib32/crti.o
LOAD /usr/lib/gcc/x86_64-linux-gnu/5/32/crtbegin.o
LOAD /home/francisco/Workspace/nodo/src/bin/native/cpu/startup.o
START GROUP
LOAD /home/francisco/Workspace/nodo/src/bin/native/gcoap.a
LOAD /home/francisco/Workspace/nodo/src/bin/native/auto_init.a
LOAD /home/francisco/Workspace/nodo/src/bin/native/auto_init_gnrc_netif.a
LOAD /home/francisco/Workspace/nodo/src/bin/native/bitfield.a
LOAD /home/francisco/Workspace/nodo/src/bin/native/board.a
LOAD /home/francisco/Workspace/nodo/src/bin/native/core.a
LOAD /home/francisco/Workspace/nodo/src/bin/native/cpu.a
LOAD /home/francisco/Workspace/nodo/src/bin/native/div.a
LOAD /home/francisco/Workspace/nodo/src/bin/native/fmt.a
LOAD /home/francisco/Workspace/nodo/src/bin/native/gcoap.a
LOAD /home/francisco/Workspace/nodo/src/bin/native/gnrc.a
LOAD /home/francisco/Workspace/nodo/src/bin/native/gnrc_icmpv6.a
LOAD /home/francisco/Workspace/nodo/src/bin/native/gnrc_icmpv6_echo.a
LOAD /home/francisco/Workspace/nodo/src/bin/native/gnrc_ipv6.a
LOAD /home/francisco/Workspace/nodo/src/bin/native/gnrc_ipv6_hdr.a
LOAD /home/francisco/Workspace/nodo/src/bin/native/gnrc_ipv6_nc.a
LOAD /home/francisco/Workspace/nodo/src/bin/native/gnrc_ipv6_netif.a
LOAD /home/francisco/Workspace/nodo/src/bin/native/gnrc_ndp.a
LOAD /home/francisco/Workspace/nodo/src/bin/native/gnrc_ndp_host.a
LOAD /home/francisco/Workspace/nodo/src/bin/native/gnrc_ndp_internal.a
LOAD /home/francisco/Workspace/nodo/src/bin/native/gnrc_ndp_node.a
LOAD /home/francisco/Workspace/nodo/src/bin/native/gnrc_netapi.a
LOAD /home/francisco/Workspace/nodo/src/bin/native/gnrc_netdev.a
LOAD /home/francisco/Workspace/nodo/src/bin/native/gnrc_netif.a
LOAD /home/francisco/Workspace/nodo/src/bin/native/gnrc_netif_hdr.a
LOAD /home/francisco/Workspace/nodo/src/bin/native/gnrc_netreg.a
LOAD /home/francisco/Workspace/nodo/src/bin/native/gnrc_pkt.a
LOAD /home/francisco/Workspace/nodo/src/bin/native/gnrc_pktbuf_static.a
LOAD /home/francisco/Workspace/nodo/src/bin/native/gnrc_sock.a
LOAD /home/francisco/Workspace/nodo/src/bin/native/gnrc_sock_udp.a
LOAD /home/francisco/Workspace/nodo/src/bin/native/gnrc_udp.a
LOAD /home/francisco/Workspace/nodo/src/bin/native/icmpv6.a
LOAD /home/francisco/Workspace/nodo/src/bin/native/inet_csum.a
LOAD /home/francisco/Workspace/nodo/src/bin/native/ipv6_addr.a
LOAD /home/francisco/Workspace/nodo/src/bin/native/ipv6_hdr.a
LOAD /home/francisco/Workspace/nodo/src/bin/native/nanocoap.a
LOAD /home/francisco/Workspace/nodo/src/bin/native/native-drivers.a
LOAD /home/francisco/Workspace/nodo/src/bin/native/netdev_eth.a
LOAD /home/francisco/Workspace/nodo/src/bin/native/netdev_tap.a
LOAD /home/francisco/Workspace/nodo/src/bin/native/netopt.a
LOAD /home/francisco/Workspace/nodo/src/bin/native/od.a
LOAD /home/francisco/Workspace/nodo/src/bin/native/periph.a
LOAD /home/francisco/Workspace/nodo/src/bin/native/ps.a
LOAD /home/francisco/Workspace/nodo/src/bin/native/random.a
LOAD /home/francisco/Workspace/nodo/src/bin/native/shell.a
LOAD /home/francisco/Workspace/nodo/src/bin/native/shell_commands.a
LOAD /home/francisco/Workspace/nodo/src/bin/native/sys.a
LOAD /home/francisco/Workspace/nodo/src/bin/native/tinymt32.a
LOAD /home/francisco/Workspace/nodo/src/bin/native/udp.a
LOAD /home/francisco/Workspace/nodo/src/bin/native/xtimer.a
LOAD /usr/lib/gcc/x86_64-linux-gnu/5/../../../../lib32/libm.so
END GROUP
LOAD /usr/lib/gcc/x86_64-linux-gnu/5/../../../../lib32/libdl.so
LOAD /usr/lib/gcc/x86_64-linux-gnu/5/32/libgcc.a
LOAD /usr/lib/gcc/x86_64-linux-gnu/5/32/libgcc_s.so
LOAD /usr/lib/gcc/x86_64-linux-gnu/5/../../../../lib32/libc.so
START GROUP
LOAD /lib32/libc.so.6
LOAD /usr/lib32/libc_nonshared.a
LOAD /lib32/ld-linux.so.2
END GROUP
LOAD /usr/lib/gcc/x86_64-linux-gnu/5/32/libgcc.a
LOAD /usr/lib/gcc/x86_64-linux-gnu/5/32/libgcc_s.so
LOAD /usr/lib/gcc/x86_64-linux-gnu/5/32/crtend.o
LOAD /usr/lib/gcc/x86_64-linux-gnu/5/../../../../lib32/crtn.o
                [!provide]                        PROVIDE (__executable_start, 0x8048000)
                0x0000000008048154                . = (0x8048000 + SIZEOF_HEADERS)

.interp         0x0000000008048154       0x13
 *(.interp)
 .interp        0x0000000008048154       0x13 /usr/lib/gcc/x86_64-linux-gnu/5/../../../../lib32/crt1.o

.note.ABI-tag   0x0000000008048168       0x20
 .note.ABI-tag  0x0000000008048168       0x20 /usr/lib/gcc/x86_64-linux-gnu/5/../../../../lib32/crt1.o

.note.gnu.build-id
                0x0000000008048188       0x24
 *(.note.gnu.build-id)
 .note.gnu.build-id
                0x0000000008048188       0x24 /usr/lib/gcc/x86_64-linux-gnu/5/../../../../lib32/crt1.o

.hash
 *(.hash)

.gnu.hash       0x00000000080481ac       0xc0
 *(.gnu.hash)
 .gnu.hash      0x00000000080481ac       0xc0 /usr/lib/gcc/x86_64-linux-gnu/5/../../../../lib32/crt1.o

.dynsym         0x000000000804826c      0x3f0
 *(.dynsym)
 .dynsym        0x000000000804826c      0x3f0 /usr/lib/gcc/x86_64-linux-gnu/5/../../../../lib32/crt1.o

.dynstr         0x000000000804865c      0x24d
 *(.dynstr)
 .dynstr        0x000000000804865c      0x24d /usr/lib/gcc/x86_64-linux-gnu/5/../../../../lib32/crt1.o

.gnu.version    0x00000000080488aa       0x7e
 *(.gnu.version)
 .gnu.version   0x00000000080488aa       0x7e /usr/lib/gcc/x86_64-linux-gnu/5/../../../../lib32/crt1.o

.gnu.version_d  0x0000000008048928        0x0
 *(.gnu.version_d)
 .gnu.version_d
                0x0000000008048928        0x0 /usr/lib/gcc/x86_64-linux-gnu/5/../../../../lib32/crt1.o

.gnu.version_r  0x0000000008048928       0x60
 *(.gnu.version_r)
 .gnu.version_r
                0x0000000008048928       0x60 /usr/lib/gcc/x86_64-linux-gnu/5/../../../../lib32/crt1.o

.rel.dyn        0x0000000008048988       0x20
 *(.rel.init)
 *(.rel.text .rel.text.* .rel.gnu.linkonce.t.*)
 .rel.text      0x0000000008048988        0x0 /usr/lib/gcc/x86_64-linux-gnu/5/../../../../lib32/crt1.o
 .rel.text._native_input
                0x0000000008048988        0x0 /usr/lib/gcc/x86_64-linux-gnu/5/../../../../lib32/crt1.o
 .rel.text._native_log_output
                0x0000000008048988        0x0 /usr/lib/gcc/x86_64-linux-gnu/5/../../../../lib32/crt1.o
 .rel.text.daemonize
                0x0000000008048988        0x0 /usr/lib/gcc/x86_64-linux-gnu/5/../../../../lib32/crt1.o
 .rel.text.filter_daemonize_argv
                0x0000000008048988        0x0 /usr/lib/gcc/x86_64-linux-gnu/5/../../../../lib32/crt1.o
 .rel.text.usage_exit
                0x0000000008048988        0x0 /usr/lib/gcc/x86_64-linux-gnu/5/../../../../lib32/crt1.o
 .rel.text.startup
                0x0000000008048988        0x0 /usr/lib/gcc/x86_64-linux-gnu/5/../../../../lib32/crt1.o
 .rel.text.main
                0x0000000008048988        0x0 /usr/lib/gcc/x86_64-linux-gnu/5/../../../../lib32/crt1.o
 .rel.text.byteorder_swaps
                0x0000000008048988        0x0 /usr/lib/gcc/x86_64-linux-gnu/5/../../../../lib32/crt1.o
 .rel.text.byteorder_ntohs
                0x0000000008048988        0x0 /usr/lib/gcc/x86_64-linux-gnu/5/../../../../lib32/crt1.o
 .rel.text.ntohs
                0x0000000008048988        0x0 /usr/lib/gcc/x86_64-linux-gnu/5/../../../../lib32/crt1.o
 .rel.text.coap_get_code_class
                0x0000000008048988        0x0 /usr/lib/gcc/x86_64-linux-gnu/5/../../../../lib32/crt1.o
 .rel.text.coap_get_code_detail
                0x0000000008048988        0x0 /usr/lib/gcc/x86_64-linux-gnu/5/../../../../lib32/crt1.o
 .rel.text.coap_get_id
                0x0000000008048988        0x0 /usr/lib/gcc/x86_64-linux-gnu/5/../../../../lib32/crt1.o
 .rel.text.gcoap_request
                0x0000000008048988        0x0 /usr/lib/gcc/x86_64-linux-gnu/5/../../../../lib32/crt1.o
 .rel.text._resp_handler
                0x0000000008048988        0x0 /usr/lib/gcc/x86_64-linux-gnu/5/../../../../lib32/crt1.o
 .rel.text._stats_handler
                0x0000000008048988        0x0 /usr/lib/gcc/x86_64-linux-gnu/5/../../../../lib32/crt1.o
 .rel.text._send
                0x0000000008048988        0x0 /usr/lib/gcc/x86_64-linux-gnu/5/../../../../lib32/crt1.o
 .rel.text.gcoap_cli_cmd
                0x0000000008048988        0x0 /usr/lib/gcc/x86_64-linux-gnu/5/../../../../lib32/crt1.o
 .rel.text.gcoap_cli_init
                0x0000000008048988        0x0 /usr/lib/gcc/x86_64-linux-gnu/5/../../../../lib32/crt1.o
 .rel.text.mbox_try_put
                0x0000000008048988        0x0 /usr/lib/gcc/x86_64-linux-gnu/5/../../../../lib32/crt1.o
 .rel.text.mutex_init
                0x0000000008048988        0x0 /usr/lib/gcc/x86_64-linux-gnu/5/../../../../lib32/crt1.o
 .rel.text.mutex_lock
                0x0000000008048988        0x0 /usr/lib/gcc/x86_64-linux-gnu/5/../../../../lib32/crt1.o
 .rel.text.byteorder_swapl
                0x0000000008048988        0x0 /usr/lib/gcc/x86_64-linux-gnu/5/../../../../lib32/crt1.o
 .rel.text.byteorder_htonl
                0x0000000008048988        0x0 /usr/lib/gcc/x86_64-linux-gnu/5/../../../../lib32/crt1.o
 .rel.text.htonl
                0x0000000008048988        0x0 /usr/lib/gcc/x86_64-linux-gnu/5/../../../../lib32/crt1.o
 .rel.text.coap_get_type
                0x0000000008048988        0x0 /usr/lib/gcc/x86_64-linux-gnu/5/../../../../lib32/crt1.o
 .rel.text.coap_get_token_len
                0x0000000008048988        0x0 /usr/lib/gcc/x86_64-linux-gnu/5/../../../../lib32/crt1.o
 .rel.text.coap_get_code
                0x0000000008048988        0x0 /usr/lib/gcc/x86_64-linux-gnu/5/../../../../lib32/crt1.o
 .rel.text.coap_get_total_hdr_len
                0x0000000008048988        0x0 /usr/lib/gcc/x86_64-linux-gnu/5/../../../../lib32/crt1.o
 .rel.text.coap_hdr_set_code
                0x0000000008048988        0x0 /usr/lib/gcc/x86_64-linux-gnu/5/../../../../lib32/crt1.o
 .rel.text.coap_hdr_set_type
                0x0000000008048988        0x0 /usr/lib/gcc/x86_64-linux-gnu/5/../../../../lib32/crt1.o
 .rel.text.coap_method2flag
                0x0000000008048988        0x0 /usr/lib/gcc/x86_64-linux-gnu/5/../../../../lib32/crt1.o
 .rel.text.coap_has_observe
                0x0000000008048988        0x0 /usr/lib/gcc/x86_64-linux-gnu/5/../../../../lib32/crt1.o
 .rel.text.coap_clear_observe
                0x0000000008048988        0x0 /usr/lib/gcc/x86_64-linux-gnu/5/../../../../lib32/crt1.o
 .rel.text.coap_get_observe
                0x0000000008048988        0x0 /usr/lib/gcc/x86_64-linux-gnu/5/../../../../lib32/crt1.o
 .rel.text._xtimer_usec_from_ticks
                0x0000000008048988        0x0 /usr/lib/gcc/x86_64-linux-gnu/5/../../../../lib32/crt1.o
 .rel.text._xtimer_ticks_from_usec
                0x0000000008048988        0x0 /usr/lib/gcc/x86_64-linux-gnu/5/../../../../lib32/crt1.o
 .rel.text._xtimer_lltimer_now
                0x0000000008048988        0x0 /usr/lib/gcc/x86_64-linux-gnu/5/../../../../lib32/crt1.o
 .rel.text._xtimer_now
                0x0000000008048988        0x0 /usr/lib/gcc/x86_64-linux-gnu/5/../../../../lib32/crt1.o
 .rel.text.xtimer_now
                0x0000000008048988        0x0 /usr/lib/gcc/x86_64-linux-gnu/5/../../../../lib32/crt1.o
 .rel.text.xtimer_now_usec
                0x0000000008048988        0x0 /usr/lib/gcc/x86_64-linux-gnu/5/../../../../lib32/crt1.o
 .rel.text.xtimer_set_msg
                0x0000000008048988        0x0 /usr/lib/gcc/x86_64-linux-gnu/5/../../../../lib32/crt1.o
 .rel.text.xtimer_usec_from_ticks
                0x0000000008048988        0x0 /usr/lib/gcc/x86_64-linux-gnu/5/../../../../lib32/crt1.o
 .rel.text.gcoap_response
                0x0000000008048988        0x0 /usr/lib/gcc/x86_64-linux-gnu/5/../../../../lib32/crt1.o
 .rel.text._event_loop
                0x0000000008048988        0x0 /usr/lib/gcc/x86_64-linux-gnu/5/../../../../lib32/crt1.o
 .rel.text._listen
                0x0000000008048988        0x0 /usr/lib/gcc/x86_64-linux-gnu/5/../../../../lib32/crt1.o
 .rel.text._handle_req
                0x0000000008048988        0x0 /usr/lib/gcc/x86_64-linux-gnu/5/../../../../lib32/crt1.o
 .rel.text._find_resource
                0x0000000008048988        0x0 /usr/lib/gcc/x86_64-linux-gnu/5/../../../../lib32/crt1.o
 .rel.text._finish_pdu
                0x0000000008048988        0x0 /usr/lib/gcc/x86_64-linux-gnu/5/../../../../lib32/crt1.o
 .rel.text._find_req_memo
                0x0000000008048988        0x0 /usr/lib/gcc/x86_64-linux-gnu/5/../../../../lib32/crt1.o
 .rel.text._expire_request
                0x0000000008048988        0x0 /usr/lib/gcc/x86_64-linux-gnu/5/../../../../lib32/crt1.o
 .rel.text._well_known_core_handler
                0x0000000008048988        0x0 /usr/lib/gcc/x86_64-linux-gnu/5/../../../../lib32/crt1.o
 .rel.text._write_options
                0x0000000008048988        0x0 /usr/lib/gcc/x86_64-linux-gnu/5/../../../../lib32/crt1.o
 .rel.text._find_observer
                0x0000000008048988        0x0 /usr/lib/gcc/x86_64-linux-gnu/5/../../../../lib32/crt1.o
 .rel.text._find_obs_memo
                0x0000000008048988        0x0 /usr/lib/gcc/x86_64-linux-gnu/5/../../../../lib32/crt1.o
 .rel.text._find_obs_memo_resource
                0x0000000008048988        0x0 /usr/lib/gcc/x86_64-linux-gnu/5/../../../../lib32/crt1.o
 .rel.text.gcoap_init
                0x0000000008048988        0x0 /usr/lib/gcc/x86_64-linux-gnu/5/../../../../lib32/crt1.o
 .rel.text.gcoap_register_listener
                0x0000000008048988        0x0 /usr/lib/gcc/x86_64-linux-gnu/5/../../../../lib32/crt1.o
 .rel.text.gcoap_req_init
                0x0000000008048988        0x0 /usr/lib/gcc/x86_64-linux-gnu/5/../../../../lib32/crt1.o
 .rel.text.gcoap_finish
                0x0000000008048988        0x0 /usr/lib/gcc/x86_64-linux-gnu/5/../../../../lib32/crt1.o
 .rel.text.gcoap_req_send
                0x0000000008048988        0x0 /usr/lib/gcc/x86_64-linux-gnu/5/../../../../lib32/crt1.o
 .rel.text.gcoap_req_send2
                0x0000000008048988        0x0 /usr/lib/gcc/x86_64-linux-gnu/5/../../../../lib32/crt1.o
 .rel.text.gcoap_resp_init
                0x0000000008048988        0x0 /usr/lib/gcc/x86_64-linux-gnu/5/../../../../lib32/crt1.o
 .rel.text.gcoap_obs_init
                0x0000000008048988        0x0 /usr/lib/gcc/x86_64-linux-gnu/5/../../../../lib32/crt1.o
 .rel.text.gcoap_obs_send
                0x0000000008048988        0x0 /usr/lib/gcc/x86_64-linux-gnu/5/../../../../lib32/crt1.o
 .rel.text.gcoap_op_state
                0x0000000008048988        0x0 /usr/lib/gcc/x86_64-linux-gnu/5/../../../../lib32/crt1.o
 .rel.text.board_init
                0x0000000008048988        0x0 /usr/lib/gcc/x86_64-linux-gnu/5/../../../../lib32/crt1.o
 .rel.text.list_remove_head
                0x0000000008048988        0x0 /usr/lib/gcc/x86_64-linux-gnu/5/../../../../lib32/crt1.o
 .rel.text._mutex_lock
                0x0000000008048988        0x0 /usr/lib/gcc/x86_64-linux-gnu/5/../../../../lib32/crt1.o
 .rel.text.mutex_unlock
                0x0000000008048988        0x0 /usr/lib/gcc/x86_64-linux-gnu/5/../../../../lib32/crt1.o
 .rel.text.mutex_unlock_and_sleep
                0x0000000008048988        0x0 /usr/lib/gcc/x86_64-linux-gnu/5/../../../../lib32/crt1.o
 .rel.text.clist_rpush
                0x0000000008048988        0x0 /usr/lib/gcc/x86_64-linux-gnu/5/../../../../lib32/crt1.o
 .rel.text.clist_lpop
                0x0000000008048988        0x0 /usr/lib/gcc/x86_64-linux-gnu/5/../../../../lib32/crt1.o
 .rel.text.sched_run
                0x0000000008048988        0x0 /usr/lib/gcc/x86_64-linux-gnu/5/../../../../lib32/crt1.o
 .rel.text.sched_set_status
                0x0000000008048988        0x0 /usr/lib/gcc/x86_64-linux-gnu/5/../../../../lib32/crt1.o
 .rel.text.sched_switch
                0x0000000008048988        0x0 /usr/lib/gcc/x86_64-linux-gnu/5/../../../../lib32/crt1.o
 .rel.text.sched_task_exit
                0x0000000008048988        0x0 /usr/lib/gcc/x86_64-linux-gnu/5/../../../../lib32/crt1.o
 .rel.text.main_trampoline
                0x0000000008048988        0x0 /usr/lib/gcc/x86_64-linux-gnu/5/../../../../lib32/crt1.o
 .rel.text.idle_thread
                0x0000000008048988        0x0 /usr/lib/gcc/x86_64-linux-gnu/5/../../../../lib32/crt1.o
 .rel.text.kernel_init
                0x0000000008048988        0x0 /usr/lib/gcc/x86_64-linux-gnu/5/../../../../lib32/crt1.o
 .rel.text._assert_failure
                0x0000000008048988        0x0 /usr/lib/gcc/x86_64-linux-gnu/5/../../../../lib32/crt1.o
 .rel.text.clist_lpoprpush
                0x0000000008048988        0x0 /usr/lib/gcc/x86_64-linux-gnu/5/../../../../lib32/crt1.o
 .rel.text.cib_init
                0x0000000008048988        0x0 /usr/lib/gcc/x86_64-linux-gnu/5/../../../../lib32/crt1.o
 .rel.text.pid_is_valid
                0x0000000008048988        0x0 /usr/lib/gcc/x86_64-linux-gnu/5/../../../../lib32/crt1.o
 .rel.text.thread_get
                0x0000000008048988        0x0 /usr/lib/gcc/x86_64-linux-gnu/5/../../../../lib32/crt1.o
 .rel.text.thread_getstatus
                0x0000000008048988        0x0 /usr/lib/gcc/x86_64-linux-gnu/5/../../../../lib32/crt1.o
 .rel.text.thread_getname
                0x0000000008048988        0x0 /usr/lib/gcc/x86_64-linux-gnu/5/../../../../lib32/crt1.o
 .rel.text.thread_sleep
                0x0000000008048988        0x0 /usr/lib/gcc/x86_64-linux-gnu/5/../../../../lib32/crt1.o
 .rel.text.thread_wakeup
                0x0000000008048988        0x0 /usr/lib/gcc/x86_64-linux-gnu/5/../../../../lib32/crt1.o
 .rel.text.thread_yield
                0x0000000008048988        0x0 /usr/lib/gcc/x86_64-linux-gnu/5/../../../../lib32/crt1.o
 .rel.text.thread_add_to_list
                0x0000000008048988        0x0 /usr/lib/gcc/x86_64-linux-gnu/5/../../../../lib32/crt1.o
 .rel.text.thread_measure_stack_free
                0x0000000008048988        0x0 /usr/lib/gcc/x86_64-linux-gnu/5/../../../../lib32/crt1.o
 .rel.text.thread_create
                0x0000000008048988        0x0 /usr/lib/gcc/x86_64-linux-gnu/5/../../../../lib32/crt1.o
 .rel.text.cib_avail
                0x0000000008048988        0x0 /usr/lib/gcc/x86_64-linux-gnu/5/../../../../lib32/crt1.o
 .rel.text.cib_full
                0x0000000008048988        0x0 /usr/lib/gcc/x86_64-linux-gnu/5/../../../../lib32/crt1.o
 .rel.text.cib_get_unsafe
                0x0000000008048988        0x0 /usr/lib/gcc/x86_64-linux-gnu/5/../../../../lib32/crt1.o
 .rel.text.cib_put_unsafe
                0x0000000008048988        0x0 /usr/lib/gcc/x86_64-linux-gnu/5/../../../../lib32/crt1.o
 .rel.text._wake_waiter
                0x0000000008048988        0x0 /usr/lib/gcc/x86_64-linux-gnu/5/../../../../lib32/crt1.o
 .rel.text._wait
                0x0000000008048988        0x0 /usr/lib/gcc/x86_64-linux-gnu/5/../../../../lib32/crt1.o
 .rel.text._mbox_put
                0x0000000008048988        0x0 /usr/lib/gcc/x86_64-linux-gnu/5/../../../../lib32/crt1.o
 .rel.text._mbox_get
                0x0000000008048988        0x0 /usr/lib/gcc/x86_64-linux-gnu/5/../../../../lib32/crt1.o
 .rel.text.cib_get
                0x0000000008048988        0x0 /usr/lib/gcc/x86_64-linux-gnu/5/../../../../lib32/crt1.o
 .rel.text.cib_put
                0x0000000008048988        0x0 /usr/lib/gcc/x86_64-linux-gnu/5/../../../../lib32/crt1.o
 .rel.text.queue_msg
                0x0000000008048988        0x0 /usr/lib/gcc/x86_64-linux-gnu/5/../../../../lib32/crt1.o
 .rel.text.msg_send
                0x0000000008048988        0x0 /usr/lib/gcc/x86_64-linux-gnu/5/../../../../lib32/crt1.o
 .rel.text.msg_try_send
                0x0000000008048988        0x0 /usr/lib/gcc/x86_64-linux-gnu/5/../../../../lib32/crt1.o
 .rel.text._msg_send
                0x0000000008048988        0x0 /usr/lib/gcc/x86_64-linux-gnu/5/../../../../lib32/crt1.o
 .rel.text.msg_send_to_self
                0x0000000008048988        0x0 /usr/lib/gcc/x86_64-linux-gnu/5/../../../../lib32/crt1.o
 .rel.text.msg_send_int
                0x0000000008048988        0x0 /usr/lib/gcc/x86_64-linux-gnu/5/../../../../lib32/crt1.o
 .rel.text.msg_send_receive
                0x0000000008048988        0x0 /usr/lib/gcc/x86_64-linux-gnu/5/../../../../lib32/crt1.o
 .rel.text.msg_reply
                0x0000000008048988        0x0 /usr/lib/gcc/x86_64-linux-gnu/5/../../../../lib32/crt1.o
 .rel.text.msg_reply_int
                0x0000000008048988        0x0 /usr/lib/gcc/x86_64-linux-gnu/5/../../../../lib32/crt1.o
 .rel.text.msg_try_receive
                0x0000000008048988        0x0 /usr/lib/gcc/x86_64-linux-gnu/5/../../../../lib32/crt1.o
 .rel.text.msg_receive
                0x0000000008048988        0x0 /usr/lib/gcc/x86_64-linux-gnu/5/../../../../lib32/crt1.o
 .rel.text._msg_receive
                0x0000000008048988        0x0 /usr/lib/gcc/x86_64-linux-gnu/5/../../../../lib32/crt1.o
 .rel.text.msg_avail
                0x0000000008048988        0x0 /usr/lib/gcc/x86_64-linux-gnu/5/../../../../lib32/crt1.o
 .rel.text.msg_init_queue
                0x0000000008048988        0x0 /usr/lib/gcc/x86_64-linux-gnu/5/../../../../lib32/crt1.o
 .rel.text.msg_queue_print
                0x0000000008048988        0x0 /usr/lib/gcc/x86_64-linux-gnu/5/../../../../lib32/crt1.o
 .rel.text.panic_arch
                0x0000000008048988        0x0 /usr/lib/gcc/x86_64-linux-gnu/5/../../../../lib32/crt1.o
 .rel.text.core_panic
                0x0000000008048988        0x0 /usr/lib/gcc/x86_64-linux-gnu/5/../../../../lib32/crt1.o
 .rel.text.bitarithm_msb
                0x0000000008048988        0x0 /usr/lib/gcc/x86_64-linux-gnu/5/../../../../lib32/crt1.o
 .rel.text.bitarithm_lsb
                0x0000000008048988        0x0 /usr/lib/gcc/x86_64-linux-gnu/5/../../../../lib32/crt1.o
 .rel.text.bitarithm_bits_set
                0x0000000008048988        0x0 /usr/lib/gcc/x86_64-linux-gnu/5/../../../../lib32/crt1.o
 .rel.text._native_syscall_enter
                0x0000000008048988        0x0 /usr/lib/gcc/x86_64-linux-gnu/5/../../../../lib32/crt1.o
 .rel.text._native_syscall_leave
                0x0000000008048988        0x0 /usr/lib/gcc/x86_64-linux-gnu/5/../../../../lib32/crt1.o
 .rel.text.malloc
                0x0000000008048988        0x0 /usr/lib/gcc/x86_64-linux-gnu/5/../../../../lib32/crt1.o
 .rel.text.free
                0x0000000008048988        0x0 /usr/lib/gcc/x86_64-linux-gnu/5/../../../../lib32/crt1.o
 .rel.text.calloc
                0x0000000008048988        0x0 /usr/lib/gcc/x86_64-linux-gnu/5/../../../../lib32/crt1.o
 .rel.text.realloc
                0x0000000008048988        0x0 /usr/lib/gcc/x86_64-linux-gnu/5/../../../../lib32/crt1.o
 .rel.text._native_read
                0x0000000008048988        0x0 /usr/lib/gcc/x86_64-linux-gnu/5/../../../../lib32/crt1.o
 .rel.text._native_write
                0x0000000008048988        0x0 /usr/lib/gcc/x86_64-linux-gnu/5/../../../../lib32/crt1.o
 .rel.text._native_writev
                0x0000000008048988        0x0 /usr/lib/gcc/x86_64-linux-gnu/5/../../../../lib32/crt1.o
 .rel.text.putchar
                0x0000000008048988        0x0 /usr/lib/gcc/x86_64-linux-gnu/5/../../../../lib32/crt1.o
 .rel.text.puts
                0x0000000008048988        0x0 /usr/lib/gcc/x86_64-linux-gnu/5/../../../../lib32/crt1.o
 .rel.text.make_message
                0x0000000008048988        0x0 /usr/lib/gcc/x86_64-linux-gnu/5/../../../../lib32/crt1.o
 .rel.text.printf
                0x0000000008048988        0x0 /usr/lib/gcc/x86_64-linux-gnu/5/../../../../lib32/crt1.o
 .rel.text.vprintf
                0x0000000008048988        0x0 /usr/lib/gcc/x86_64-linux-gnu/5/../../../../lib32/crt1.o
 .rel.text.fprintf
                0x0000000008048988        0x0 /usr/lib/gcc/x86_64-linux-gnu/5/../../../../lib32/crt1.o
 .rel.text.vfprintf
                0x0000000008048988        0x0 /usr/lib/gcc/x86_64-linux-gnu/5/../../../../lib32/crt1.o
 .rel.text.vwarn
                0x0000000008048988        0x0 /usr/lib/gcc/x86_64-linux-gnu/5/../../../../lib32/crt1.o
 .rel.text.vwarnx
                0x0000000008048988        0x0 /usr/lib/gcc/x86_64-linux-gnu/5/../../../../lib32/crt1.o
 .rel.text.warn
                0x0000000008048988        0x0 /usr/lib/gcc/x86_64-linux-gnu/5/../../../../lib32/crt1.o
 .rel.text.warnx
                0x0000000008048988        0x0 /usr/lib/gcc/x86_64-linux-gnu/5/../../../../lib32/crt1.o
 .rel.text.getpid
                0x0000000008048988        0x0 /usr/lib/gcc/x86_64-linux-gnu/5/../../../../lib32/crt1.o
 .rel.text._gettimeofday
                0x0000000008048988        0x0 /usr/lib/gcc/x86_64-linux-gnu/5/../../../../lib32/crt1.o
 .rel.text._native_init_syscalls
                0x0000000008048988        0x0 /usr/lib/gcc/x86_64-linux-gnu/5/../../../../lib32/crt1.o
 .rel.text.thread_arch_isr_stack_pointer
                0x0000000008048988        0x0 /usr/lib/gcc/x86_64-linux-gnu/5/../../../../lib32/crt1.o
 .rel.text.thread_arch_isr_stack_start
                0x0000000008048988        0x0 /usr/lib/gcc/x86_64-linux-gnu/5/../../../../lib32/crt1.o
 .rel.text.print_thread_sigmask
                0x0000000008048988        0x0 /usr/lib/gcc/x86_64-linux-gnu/5/../../../../lib32/crt1.o
 .rel.text.print_sigmasks
                0x0000000008048988        0x0 /usr/lib/gcc/x86_64-linux-gnu/5/../../../../lib32/crt1.o
 .rel.text.native_print_signals
                0x0000000008048988        0x0 /usr/lib/gcc/x86_64-linux-gnu/5/../../../../lib32/crt1.o
 .rel.text.irq_disable
                0x0000000008048988        0x0 /usr/lib/gcc/x86_64-linux-gnu/5/../../../../lib32/crt1.o
 .rel.text.irq_enable
                0x0000000008048988        0x0 /usr/lib/gcc/x86_64-linux-gnu/5/../../../../lib32/crt1.o
 .rel.text.irq_restore
                0x0000000008048988        0x0 /usr/lib/gcc/x86_64-linux-gnu/5/../../../../lib32/crt1.o
 .rel.text.irq_is_in
                0x0000000008048988        0x0 /usr/lib/gcc/x86_64-linux-gnu/5/../../../../lib32/crt1.o
 .rel.text._native_popsig
                0x0000000008048988        0x0 /usr/lib/gcc/x86_64-linux-gnu/5/../../../../lib32/crt1.o
 .rel.text.native_irq_handler
                0x0000000008048988        0x0 /usr/lib/gcc/x86_64-linux-gnu/5/../../../../lib32/crt1.o
 .rel.text.isr_set_sigmask
                0x0000000008048988        0x0 /usr/lib/gcc/x86_64-linux-gnu/5/../../../../lib32/crt1.o
 .rel.text.native_isr_entry
                0x0000000008048988        0x0 /usr/lib/gcc/x86_64-linux-gnu/5/../../../../lib32/crt1.o
 .rel.text.set_signal_handler
                0x0000000008048988        0x0 /usr/lib/gcc/x86_64-linux-gnu/5/../../../../lib32/crt1.o
 .rel.text.register_interrupt
                0x0000000008048988        0x0 /usr/lib/gcc/x86_64-linux-gnu/5/../../../../lib32/crt1.o
 .rel.text.unregister_interrupt
                0x0000000008048988        0x0 /usr/lib/gcc/x86_64-linux-gnu/5/../../../../lib32/crt1.o
 .rel.text.native_shutdown
                0x0000000008048988        0x0 /usr/lib/gcc/x86_64-linux-gnu/5/../../../../lib32/crt1.o
 .rel.text.native_interrupt_init
                0x0000000008048988        0x0 /usr/lib/gcc/x86_64-linux-gnu/5/../../../../lib32/crt1.o
 .rel.text._native_mod_ctx_leave_sigh
                0x0000000008048988        0x0 /usr/lib/gcc/x86_64-linux-gnu/5/../../../../lib32/crt1.o
 .rel.text.thread_print_stack
                0x0000000008048988        0x0 /usr/lib/gcc/x86_64-linux-gnu/5/../../../../lib32/crt1.o
 .rel.text.thread_arch_isr_stack_usage
                0x0000000008048988        0x0 /usr/lib/gcc/x86_64-linux-gnu/5/../../../../lib32/crt1.o
 .rel.text.thread_stack_init
                0x0000000008048988        0x0 /usr/lib/gcc/x86_64-linux-gnu/5/../../../../lib32/crt1.o
 .rel.text.isr_cpu_switch_context_exit
                0x0000000008048988        0x0 /usr/lib/gcc/x86_64-linux-gnu/5/../../../../lib32/crt1.o
 .rel.text.cpu_switch_context_exit
                0x0000000008048988        0x0 /usr/lib/gcc/x86_64-linux-gnu/5/../../../../lib32/crt1.o
 .rel.text.isr_thread_yield
                0x0000000008048988        0x0 /usr/lib/gcc/x86_64-linux-gnu/5/../../../../lib32/crt1.o
 .rel.text.thread_yield_higher
                0x0000000008048988        0x0 /usr/lib/gcc/x86_64-linux-gnu/5/../../../../lib32/crt1.o
 .rel.text.native_cpu_init
                0x0000000008048988        0x0 /usr/lib/gcc/x86_64-linux-gnu/5/../../../../lib32/crt1.o
 .rel.text._is_digit
                0x0000000008048988        0x0 /usr/lib/gcc/x86_64-linux-gnu/5/../../../../lib32/crt1.o
 .rel.text.pwr  0x0000000008048988        0x0 /usr/lib/gcc/x86_64-linux-gnu/5/../../../../lib32/crt1.o
 .rel.text.fmt_byte_hex
                0x0000000008048988        0x0 /usr/lib/gcc/x86_64-linux-gnu/5/../../../../lib32/crt1.o
 .rel.text.fmt_strlen
                0x0000000008048988        0x0 /usr/lib/gcc/x86_64-linux-gnu/5/../../../../lib32/crt1.o
 .rel.text.fmt_str
                0x0000000008048988        0x0 /usr/lib/gcc/x86_64-linux-gnu/5/../../../../lib32/crt1.o
 .rel.text.fmt_bytes_hex_reverse
                0x0000000008048988        0x0 /usr/lib/gcc/x86_64-linux-gnu/5/../../../../lib32/crt1.o
 .rel.text.fmt_u32_hex
                0x0000000008048988        0x0 /usr/lib/gcc/x86_64-linux-gnu/5/../../../../lib32/crt1.o
 .rel.text.fmt_u64_hex
                0x0000000008048988        0x0 /usr/lib/gcc/x86_64-linux-gnu/5/../../../../lib32/crt1.o
 .rel.text.fmt_u64_dec
                0x0000000008048988        0x0 /usr/lib/gcc/x86_64-linux-gnu/5/../../../../lib32/crt1.o
 .rel.text.fmt_u32_dec
                0x0000000008048988        0x0 /usr/lib/gcc/x86_64-linux-gnu/5/../../../../lib32/crt1.o
 .rel.text.fmt_u16_dec
                0x0000000008048988        0x0 /usr/lib/gcc/x86_64-linux-gnu/5/../../../../lib32/crt1.o
 .rel.text.fmt_s32_dec
                0x0000000008048988        0x0 /usr/lib/gcc/x86_64-linux-gnu/5/../../../../lib32/crt1.o
 .rel.text.fmt_s16_dec
                0x0000000008048988        0x0 /usr/lib/gcc/x86_64-linux-gnu/5/../../../../lib32/crt1.o
 .rel.text.fmt_s16_dfp
                0x0000000008048988        0x0 /usr/lib/gcc/x86_64-linux-gnu/5/../../../../lib32/crt1.o
 .rel.text.fmt_float
                0x0000000008048988        0x0 /usr/lib/gcc/x86_64-linux-gnu/5/../../../../lib32/crt1.o
 .rel.text.fmt_lpad
                0x0000000008048988        0x0 /usr/lib/gcc/x86_64-linux-gnu/5/../../../../lib32/crt1.o
 .rel.text.scn_u32_dec
                0x0000000008048988        0x0 /usr/lib/gcc/x86_64-linux-gnu/5/../../../../lib32/crt1.o
 .rel.text.print
                0x0000000008048988        0x0 /usr/lib/gcc/x86_64-linux-gnu/5/../../../../lib32/crt1.o
 .rel.text.print_u32_dec
                0x0000000008048988        0x0 /usr/lib/gcc/x86_64-linux-gnu/5/../../../../lib32/crt1.o
 .rel.text.print_s32_dec
                0x0000000008048988        0x0 /usr/lib/gcc/x86_64-linux-gnu/5/../../../../lib32/crt1.o
 .rel.text.print_byte_hex
                0x0000000008048988        0x0 /usr/lib/gcc/x86_64-linux-gnu/5/../../../../lib32/crt1.o
 .rel.text.print_u32_hex
                0x0000000008048988        0x0 /usr/lib/gcc/x86_64-linux-gnu/5/../../../../lib32/crt1.o
 .rel.text.print_u64_hex
                0x0000000008048988        0x0 /usr/lib/gcc/x86_64-linux-gnu/5/../../../../lib32/crt1.o
 .rel.text.print_u64_dec
                0x0000000008048988        0x0 /usr/lib/gcc/x86_64-linux-gnu/5/../../../../lib32/crt1.o
 .rel.text.print_float
                0x0000000008048988        0x0 /usr/lib/gcc/x86_64-linux-gnu/5/../../../../lib32/crt1.o
 .rel.text.print_str
                0x0000000008048988        0x0 /usr/lib/gcc/x86_64-linux-gnu/5/../../../../lib32/crt1.o
 .rel.text.gnrc_pktbuf_release
                0x0000000008048988        0x0 /usr/lib/gcc/x86_64-linux-gnu/5/../../../../lib32/crt1.o
 .rel.text.gnrc_af_not_supported
                0x0000000008048988        0x0 /usr/lib/gcc/x86_64-linux-gnu/5/../../../../lib32/crt1.o
 .rel.text.gnrc_ep_addr_any
                0x0000000008048988        0x0 /usr/lib/gcc/x86_64-linux-gnu/5/../../../../lib32/crt1.o
 .rel.text._dyn_port_used
                0x0000000008048988        0x0 /usr/lib/gcc/x86_64-linux-gnu/5/../../../../lib32/crt1.o
 .rel.text._get_dyn_port
                0x0000000008048988        0x0 /usr/lib/gcc/x86_64-linux-gnu/5/../../../../lib32/crt1.o
 .rel.text.sock_udp_create
                0x0000000008048988        0x0 /usr/lib/gcc/x86_64-linux-gnu/5/../../../../lib32/crt1.o
 .rel.text.sock_udp_close
                0x0000000008048988        0x0 /usr/lib/gcc/x86_64-linux-gnu/5/../../../../lib32/crt1.o
 .rel.text.sock_udp_get_local
                0x0000000008048988        0x0 /usr/lib/gcc/x86_64-linux-gnu/5/../../../../lib32/crt1.o
 .rel.text.sock_udp_get_remote
                0x0000000008048988        0x0 /usr/lib/gcc/x86_64-linux-gnu/5/../../../../lib32/crt1.o
 .rel.text.sock_udp_recv
                0x0000000008048988        0x0 /usr/lib/gcc/x86_64-linux-gnu/5/../../../../lib32/crt1.o
 .rel.text.sock_udp_send
                0x0000000008048988        0x0 /usr/lib/gcc/x86_64-linux-gnu/5/../../../../lib32/crt1.o
 .rel.text.byteorder_htons
                0x0000000008048988        0x0 /usr/lib/gcc/x86_64-linux-gnu/5/../../../../lib32/crt1.o
 .rel.text.inet_csum
                0x0000000008048988        0x0 /usr/lib/gcc/x86_64-linux-gnu/5/../../../../lib32/crt1.o
 .rel.text.ipv6_hdr_inet_csum
                0x0000000008048988        0x0 /usr/lib/gcc/x86_64-linux-gnu/5/../../../../lib32/crt1.o
 .rel.text.gnrc_pkt_len
                0x0000000008048988        0x0 /usr/lib/gcc/x86_64-linux-gnu/5/../../../../lib32/crt1.o
 .rel.text.gnrc_netapi_dispatch_send
                0x0000000008048988        0x0 /usr/lib/gcc/x86_64-linux-gnu/5/../../../../lib32/crt1.o
 .rel.text.gnrc_netapi_dispatch_receive
                0x0000000008048988        0x0 /usr/lib/gcc/x86_64-linux-gnu/5/../../../../lib32/crt1.o
 .rel.text._calc_csum
                0x0000000008048988        0x0 /usr/lib/gcc/x86_64-linux-gnu/5/../../../../lib32/crt1.o
 .rel.text._receive
                0x0000000008048988        0x0 /usr/lib/gcc/x86_64-linux-gnu/5/../../../../lib32/crt1.o
 .rel.text.gnrc_udp_calc_csum
                0x0000000008048988        0x0 /usr/lib/gcc/x86_64-linux-gnu/5/../../../../lib32/crt1.o
 .rel.text.gnrc_udp_hdr_build
                0x0000000008048988        0x0 /usr/lib/gcc/x86_64-linux-gnu/5/../../../../lib32/crt1.o
 .rel.text.gnrc_udp_init
                0x0000000008048988        0x0 /usr/lib/gcc/x86_64-linux-gnu/5/../../../../lib32/crt1.o
 .rel.text.inet_csum_slice
                0x0000000008048988        0x0 /usr/lib/gcc/x86_64-linux-gnu/5/../../../../lib32/crt1.o
 .rel.text.ipv6_addr_equal
                0x0000000008048988        0x0 /usr/lib/gcc/x86_64-linux-gnu/5/../../../../lib32/crt1.o
 .rel.text.ipv6_addr_match_prefix
                0x0000000008048988        0x0 /usr/lib/gcc/x86_64-linux-gnu/5/../../../../lib32/crt1.o
 .rel.text.ipv6_addr_init_prefix
                0x0000000008048988        0x0 /usr/lib/gcc/x86_64-linux-gnu/5/../../../../lib32/crt1.o
 .rel.text.ipv6_addr_init_iid
                0x0000000008048988        0x0 /usr/lib/gcc/x86_64-linux-gnu/5/../../../../lib32/crt1.o
 .rel.text.ipv6_addr_split
                0x0000000008048988        0x0 /usr/lib/gcc/x86_64-linux-gnu/5/../../../../lib32/crt1.o
 .rel.text.ipv6_addr_print
                0x0000000008048988        0x0 /usr/lib/gcc/x86_64-linux-gnu/5/../../../../lib32/crt1.o
 .rel.text.ipv6_addr_to_str
                0x0000000008048988        0x0 /usr/lib/gcc/x86_64-linux-gnu/5/../../../../lib32/crt1.o
 .rel.text.ipv6_addr_set_unspecified
                0x0000000008048988        0x0 /usr/lib/gcc/x86_64-linux-gnu/5/../../../../lib32/crt1.o
 .rel.text.ipv6_addr_from_str
                0x0000000008048988        0x0 /usr/lib/gcc/x86_64-linux-gnu/5/../../../../lib32/crt1.o
 .rel.text.byteorder_ntohl
                0x0000000008048988        0x0 /usr/lib/gcc/x86_64-linux-gnu/5/../../../../lib32/crt1.o
 .rel.text.htons
                0x0000000008048988        0x0 /usr/lib/gcc/x86_64-linux-gnu/5/../../../../lib32/crt1.o
 .rel.text.ntohl
                0x0000000008048988        0x0 /usr/lib/gcc/x86_64-linux-gnu/5/../../../../lib32/crt1.o
 .rel.text.coap_parse
                0x0000000008048988        0x0 /usr/lib/gcc/x86_64-linux-gnu/5/../../../../lib32/crt1.o
 .rel.text.coap_handle_req
                0x0000000008048988        0x0 /usr/lib/gcc/x86_64-linux-gnu/5/../../../../lib32/crt1.o
 .rel.text.coap_reply_simple
                0x0000000008048988        0x0 /usr/lib/gcc/x86_64-linux-gnu/5/../../../../lib32/crt1.o
 .rel.text.coap_build_reply
                0x0000000008048988        0x0 /usr/lib/gcc/x86_64-linux-gnu/5/../../../../lib32/crt1.o
 .rel.text.coap_build_hdr
                0x0000000008048988        0x0 /usr/lib/gcc/x86_64-linux-gnu/5/../../../../lib32/crt1.o
 .rel.text._decode_value
                0x0000000008048988        0x0 /usr/lib/gcc/x86_64-linux-gnu/5/../../../../lib32/crt1.o
 .rel.text._decode_uint
                0x0000000008048988        0x0 /usr/lib/gcc/x86_64-linux-gnu/5/../../../../lib32/crt1.o
 .rel.text._put_odelta
                0x0000000008048988        0x0 /usr/lib/gcc/x86_64-linux-gnu/5/../../../../lib32/crt1.o
 .rel.text.coap_put_option
                0x0000000008048988        0x0 /usr/lib/gcc/x86_64-linux-gnu/5/../../../../lib32/crt1.o
 .rel.text.coap_put_option_ct
                0x0000000008048988        0x0 /usr/lib/gcc/x86_64-linux-gnu/5/../../../../lib32/crt1.o
 .rel.text.coap_put_option_url
                0x0000000008048988        0x0 /usr/lib/gcc/x86_64-linux-gnu/5/../../../../lib32/crt1.o
 .rel.text.coap_well_known_core_default_handler
                0x0000000008048988        0x0 /usr/lib/gcc/x86_64-linux-gnu/5/../../../../lib32/crt1.o
 .rel.text._native_LED_GREEN_OFF
                0x0000000008048988        0x0 /usr/lib/gcc/x86_64-linux-gnu/5/../../../../lib32/crt1.o
 .rel.text._native_LED_GREEN_ON
                0x0000000008048988        0x0 /usr/lib/gcc/x86_64-linux-gnu/5/../../../../lib32/crt1.o
 .rel.text._native_LED_GREEN_TOGGLE
                0x0000000008048988        0x0 /usr/lib/gcc/x86_64-linux-gnu/5/../../../../lib32/crt1.o
 .rel.text._native_LED_RED_OFF
                0x0000000008048988        0x0 /usr/lib/gcc/x86_64-linux-gnu/5/../../../../lib32/crt1.o
 .rel.text._native_LED_RED_ON
                0x0000000008048988        0x0 /usr/lib/gcc/x86_64-linux-gnu/5/../../../../lib32/crt1.o
 .rel.text._native_LED_RED_TOGGLE
                0x0000000008048988        0x0 /usr/lib/gcc/x86_64-linux-gnu/5/../../../../lib32/crt1.o
 .rel.text.od_hex_dump
                0x0000000008048988        0x0 /usr/lib/gcc/x86_64-linux-gnu/5/../../../../lib32/crt1.o
 .rel.text.tty_uart_setup
                0x0000000008048988        0x0 /usr/lib/gcc/x86_64-linux-gnu/5/../../../../lib32/crt1.o
 .rel.text.io_signal_handler
                0x0000000008048988        0x0 /usr/lib/gcc/x86_64-linux-gnu/5/../../../../lib32/crt1.o
 .rel.text.uart_init
                0x0000000008048988        0x0 /usr/lib/gcc/x86_64-linux-gnu/5/../../../../lib32/crt1.o
 .rel.text.uart_write
                0x0000000008048988        0x0 /usr/lib/gcc/x86_64-linux-gnu/5/../../../../lib32/crt1.o
 .rel.text.pm_set_lowest
                0x0000000008048988        0x0 /usr/lib/gcc/x86_64-linux-gnu/5/../../../../lib32/crt1.o
 .rel.text.pm_reboot
                0x0000000008048988        0x0 /usr/lib/gcc/x86_64-linux-gnu/5/../../../../lib32/crt1.o
 .rel.text.ts2ticks
                0x0000000008048988        0x0 /usr/lib/gcc/x86_64-linux-gnu/5/../../../../lib32/crt1.o
 .rel.text.native_isr_timer
                0x0000000008048988        0x0 /usr/lib/gcc/x86_64-linux-gnu/5/../../../../lib32/crt1.o
 .rel.text.timer_init
                0x0000000008048988        0x0 /usr/lib/gcc/x86_64-linux-gnu/5/../../../../lib32/crt1.o
 .rel.text.do_timer_set
                0x0000000008048988        0x0 /usr/lib/gcc/x86_64-linux-gnu/5/../../../../lib32/crt1.o
 .rel.text.timer_set
                0x0000000008048988        0x0 /usr/lib/gcc/x86_64-linux-gnu/5/../../../../lib32/crt1.o
 .rel.text.timer_set_absolute
                0x0000000008048988        0x0 /usr/lib/gcc/x86_64-linux-gnu/5/../../../../lib32/crt1.o
 .rel.text.timer_clear
                0x0000000008048988        0x0 /usr/lib/gcc/x86_64-linux-gnu/5/../../../../lib32/crt1.o
 .rel.text.timer_start
                0x0000000008048988        0x0 /usr/lib/gcc/x86_64-linux-gnu/5/../../../../lib32/crt1.o
 .rel.text.timer_stop
                0x0000000008048988        0x0 /usr/lib/gcc/x86_64-linux-gnu/5/../../../../lib32/crt1.o
 .rel.text.timer_read
                0x0000000008048988        0x0 /usr/lib/gcc/x86_64-linux-gnu/5/../../../../lib32/crt1.o
 .rel.text.ps   0x0000000008048988        0x0 /usr/lib/gcc/x86_64-linux-gnu/5/../../../../lib32/crt1.o
 .rel.text.tinymt32_next_state
                0x0000000008048988        0x0 /usr/lib/gcc/x86_64-linux-gnu/5/../../../../lib32/crt1.o
 .rel.text.tinymt32_temper
                0x0000000008048988        0x0 /usr/lib/gcc/x86_64-linux-gnu/5/../../../../lib32/crt1.o
 .rel.text.tinymt32_generate_uint32
                0x0000000008048988        0x0 /usr/lib/gcc/x86_64-linux-gnu/5/../../../../lib32/crt1.o
 .rel.text.random_init
                0x0000000008048988        0x0 /usr/lib/gcc/x86_64-linux-gnu/5/../../../../lib32/crt1.o
 .rel.text.random_uint32
                0x0000000008048988        0x0 /usr/lib/gcc/x86_64-linux-gnu/5/../../../../lib32/crt1.o
 .rel.text.random_init_by_array
                0x0000000008048988        0x0 /usr/lib/gcc/x86_64-linux-gnu/5/../../../../lib32/crt1.o
 .rel.text.find_handler
                0x0000000008048988        0x0 /usr/lib/gcc/x86_64-linux-gnu/5/../../../../lib32/crt1.o
 .rel.text.print_help
                0x0000000008048988        0x0 /usr/lib/gcc/x86_64-linux-gnu/5/../../../../lib32/crt1.o
 .rel.text.handle_input_line
                0x0000000008048988        0x0 /usr/lib/gcc/x86_64-linux-gnu/5/../../../../lib32/crt1.o
 .rel.text.readline
                0x0000000008048988        0x0 /usr/lib/gcc/x86_64-linux-gnu/5/../../../../lib32/crt1.o
 .rel.text.print_prompt
                0x0000000008048988        0x0 /usr/lib/gcc/x86_64-linux-gnu/5/../../../../lib32/crt1.o
 .rel.text._reboot_handler
                0x0000000008048988        0x0 /usr/lib/gcc/x86_64-linux-gnu/5/../../../../lib32/crt1.o
 .rel.text._ps_handler
                0x0000000008048988        0x0 /usr/lib/gcc/x86_64-linux-gnu/5/../../../../lib32/crt1.o
 .rel.text._random_init
                0x0000000008048988        0x0 /usr/lib/gcc/x86_64-linux-gnu/5/../../../../lib32/crt1.o
 .rel.text._random_get
                0x0000000008048988        0x0 /usr/lib/gcc/x86_64-linux-gnu/5/../../../../lib32/crt1.o
 .rel.text.ipv6_addr_is_unspecified
                0x0000000008048988        0x0 /usr/lib/gcc/x86_64-linux-gnu/5/../../../../lib32/crt1.o
 .rel.text.ipv6_addr_is_multicast
                0x0000000008048988        0x0 /usr/lib/gcc/x86_64-linux-gnu/5/../../../../lib32/crt1.o
 .rel.text.ipv6_addr_is_link_local
                0x0000000008048988        0x0 /usr/lib/gcc/x86_64-linux-gnu/5/../../../../lib32/crt1.o
 .rel.text.gnrc_ipv6_netif_addr_get
                0x0000000008048988        0x0 /usr/lib/gcc/x86_64-linux-gnu/5/../../../../lib32/crt1.o
 .rel.text._is_number
                0x0000000008048988        0x0 /usr/lib/gcc/x86_64-linux-gnu/5/../../../../lib32/crt1.o
 .rel.text._is_iface
                0x0000000008048988        0x0 /usr/lib/gcc/x86_64-linux-gnu/5/../../../../lib32/crt1.o
 .rel.text._set_usage
                0x0000000008048988        0x0 /usr/lib/gcc/x86_64-linux-gnu/5/../../../../lib32/crt1.o
 .rel.text._mtu_usage
                0x0000000008048988        0x0 /usr/lib/gcc/x86_64-linux-gnu/5/../../../../lib32/crt1.o
 .rel.text._hl_usage
                0x0000000008048988        0x0 /usr/lib/gcc/x86_64-linux-gnu/5/../../../../lib32/crt1.o
 .rel.text._flag_usage
                0x0000000008048988        0x0 /usr/lib/gcc/x86_64-linux-gnu/5/../../../../lib32/crt1.o
 .rel.text._add_usage
                0x0000000008048988        0x0 /usr/lib/gcc/x86_64-linux-gnu/5/../../../../lib32/crt1.o
 .rel.text._del_usage
                0x0000000008048988        0x0 /usr/lib/gcc/x86_64-linux-gnu/5/../../../../lib32/crt1.o
 .rel.text._print_netopt
                0x0000000008048988        0x0 /usr/lib/gcc/x86_64-linux-gnu/5/../../../../lib32/crt1.o
 .rel.text._print_netopt_state
                0x0000000008048988        0x0 /usr/lib/gcc/x86_64-linux-gnu/5/../../../../lib32/crt1.o
 .rel.text._netif_list
                0x0000000008048988        0x0 /usr/lib/gcc/x86_64-linux-gnu/5/../../../../lib32/crt1.o
 .rel.text._netif_set_u16
                0x0000000008048988        0x0 /usr/lib/gcc/x86_64-linux-gnu/5/../../../../lib32/crt1.o
 .rel.text._netif_set_i16
                0x0000000008048988        0x0 /usr/lib/gcc/x86_64-linux-gnu/5/../../../../lib32/crt1.o
 .rel.text._netif_set_u8
                0x0000000008048988        0x0 /usr/lib/gcc/x86_64-linux-gnu/5/../../../../lib32/crt1.o
 .rel.text._netif_set_flag
                0x0000000008048988        0x0 /usr/lib/gcc/x86_64-linux-gnu/5/../../../../lib32/crt1.o
 .rel.text._netif_set_addr
                0x0000000008048988        0x0 /usr/lib/gcc/x86_64-linux-gnu/5/../../../../lib32/crt1.o
 .rel.text._netif_set_state
                0x0000000008048988        0x0 /usr/lib/gcc/x86_64-linux-gnu/5/../../../../lib32/crt1.o
 .rel.text._netif_set_encrypt
                0x0000000008048988        0x0 /usr/lib/gcc/x86_64-linux-gnu/5/../../../../lib32/crt1.o
 .rel.text._hex_to_int
                0x0000000008048988        0x0 /usr/lib/gcc/x86_64-linux-gnu/5/../../../../lib32/crt1.o
 .rel.text._netif_set_encrypt_key
                0x0000000008048988        0x0 /usr/lib/gcc/x86_64-linux-gnu/5/../../../../lib32/crt1.o
 .rel.text._netif_set
                0x0000000008048988        0x0 /usr/lib/gcc/x86_64-linux-gnu/5/../../../../lib32/crt1.o
 .rel.text._netif_flag
                0x0000000008048988        0x0 /usr/lib/gcc/x86_64-linux-gnu/5/../../../../lib32/crt1.o
 .rel.text._get_prefix_len
                0x0000000008048988        0x0 /usr/lib/gcc/x86_64-linux-gnu/5/../../../../lib32/crt1.o
 .rel.text._netif_add
                0x0000000008048988        0x0 /usr/lib/gcc/x86_64-linux-gnu/5/../../../../lib32/crt1.o
 .rel.text._netif_del
                0x0000000008048988        0x0 /usr/lib/gcc/x86_64-linux-gnu/5/../../../../lib32/crt1.o
 .rel.text._netif_mtu
                0x0000000008048988        0x0 /usr/lib/gcc/x86_64-linux-gnu/5/../../../../lib32/crt1.o
 .rel.text._netif_send
                0x0000000008048988        0x0 /usr/lib/gcc/x86_64-linux-gnu/5/../../../../lib32/crt1.o
 .rel.text._netif_config
                0x0000000008048988        0x0 /usr/lib/gcc/x86_64-linux-gnu/5/../../../../lib32/crt1.o
 .rel.text._print_nc_state
                0x0000000008048988        0x0 /usr/lib/gcc/x86_64-linux-gnu/5/../../../../lib32/crt1.o
 .rel.text._print_nc_type
                0x0000000008048988        0x0 /usr/lib/gcc/x86_64-linux-gnu/5/../../../../lib32/crt1.o
 .rel.text._ipv6_nc_list
                0x0000000008048988        0x0 /usr/lib/gcc/x86_64-linux-gnu/5/../../../../lib32/crt1.o
 .rel.text._get_iface
                0x0000000008048988        0x0 /usr/lib/gcc/x86_64-linux-gnu/5/../../../../lib32/crt1.o
 .rel.text._ipv6_nc_add
                0x0000000008048988        0x0 /usr/lib/gcc/x86_64-linux-gnu/5/../../../../lib32/crt1.o
 .rel.text._ipv6_nc_del
                0x0000000008048988        0x0 /usr/lib/gcc/x86_64-linux-gnu/5/../../../../lib32/crt1.o
 .rel.text._ipv6_nc_reset
                0x0000000008048988        0x0 /usr/lib/gcc/x86_64-linux-gnu/5/../../../../lib32/crt1.o
 .rel.text._ipv6_nc_manage
                0x0000000008048988        0x0 /usr/lib/gcc/x86_64-linux-gnu/5/../../../../lib32/crt1.o
 .rel.text._ipv6_nc_routers
                0x0000000008048988        0x0 /usr/lib/gcc/x86_64-linux-gnu/5/../../../../lib32/crt1.o
 .rel.text.ipv6_addr_split_iface
                0x0000000008048988        0x0 /usr/lib/gcc/x86_64-linux-gnu/5/../../../../lib32/crt1.o
 .rel.text.thread_getpid
                0x0000000008048988        0x0 /usr/lib/gcc/x86_64-linux-gnu/5/../../../../lib32/crt1.o
 .rel.text.gnrc_netif_hdr_init
                0x0000000008048988        0x0 /usr/lib/gcc/x86_64-linux-gnu/5/../../../../lib32/crt1.o
 .rel.text._xtimer_usec_from_ticks64
                0x0000000008048988        0x0 /usr/lib/gcc/x86_64-linux-gnu/5/../../../../lib32/crt1.o
 .rel.text._xtimer_ticks_from_usec64
                0x0000000008048988        0x0 /usr/lib/gcc/x86_64-linux-gnu/5/../../../../lib32/crt1.o
 .rel.text.xtimer_now64
                0x0000000008048988        0x0 /usr/lib/gcc/x86_64-linux-gnu/5/../../../../lib32/crt1.o
 .rel.text.xtimer_now_usec64
                0x0000000008048988        0x0 /usr/lib/gcc/x86_64-linux-gnu/5/../../../../lib32/crt1.o
 .rel.text._xtimer_tsleep64
                0x0000000008048988        0x0 /usr/lib/gcc/x86_64-linux-gnu/5/../../../../lib32/crt1.o
 .rel.text.xtimer_usleep64
                0x0000000008048988        0x0 /usr/lib/gcc/x86_64-linux-gnu/5/../../../../lib32/crt1.o
 .rel.text.xtimer_msg_receive_timeout64
                0x0000000008048988        0x0 /usr/lib/gcc/x86_64-linux-gnu/5/../../../../lib32/crt1.o
 .rel.text.xtimer_usec_from_ticks64
                0x0000000008048988        0x0 /usr/lib/gcc/x86_64-linux-gnu/5/../../../../lib32/crt1.o
 .rel.text.usage
                0x0000000008048988        0x0 /usr/lib/gcc/x86_64-linux-gnu/5/../../../../lib32/crt1.o
 .rel.text._set_payload
                0x0000000008048988        0x0 /usr/lib/gcc/x86_64-linux-gnu/5/../../../../lib32/crt1.o
 .rel.text._expected_seq
                0x0000000008048988        0x0 /usr/lib/gcc/x86_64-linux-gnu/5/../../../../lib32/crt1.o
 .rel.text._handle_reply
                0x0000000008048988        0x0 /usr/lib/gcc/x86_64-linux-gnu/5/../../../../lib32/crt1.o
 .rel.text._print_stats
                0x0000000008048988        0x0 /usr/lib/gcc/x86_64-linux-gnu/5/../../../../lib32/crt1.o
 .rel.text._icmpv6_ping
                0x0000000008048988        0x0 /usr/lib/gcc/x86_64-linux-gnu/5/../../../../lib32/crt1.o
 .rel.text.ini_func1
                0x0000000008048988        0x0 /usr/lib/gcc/x86_64-linux-gnu/5/../../../../lib32/crt1.o
 .rel.text.ini_func2
                0x0000000008048988        0x0 /usr/lib/gcc/x86_64-linux-gnu/5/../../../../lib32/crt1.o
 .rel.text.period_certification
                0x0000000008048988        0x0 /usr/lib/gcc/x86_64-linux-gnu/5/../../../../lib32/crt1.o
 .rel.text.tinymt32_init
                0x0000000008048988        0x0 /usr/lib/gcc/x86_64-linux-gnu/5/../../../../lib32/crt1.o
 .rel.text.tinymt32_init_by_array
                0x0000000008048988        0x0 /usr/lib/gcc/x86_64-linux-gnu/5/../../../../lib32/crt1.o
 .rel.text._xtimer_lltimer_mask
                0x0000000008048988        0x0 /usr/lib/gcc/x86_64-linux-gnu/5/../../../../lib32/crt1.o
 .rel.text._xtimer_spin
                0x0000000008048988        0x0 /usr/lib/gcc/x86_64-linux-gnu/5/../../../../lib32/crt1.o
 .rel.text._is_set
                0x0000000008048988        0x0 /usr/lib/gcc/x86_64-linux-gnu/5/../../../../lib32/crt1.o
 .rel.text.xtimer_spin_until
                0x0000000008048988        0x0 /usr/lib/gcc/x86_64-linux-gnu/5/../../../../lib32/crt1.o
 .rel.text.xtimer_init
                0x0000000008048988        0x0 /usr/lib/gcc/x86_64-linux-gnu/5/../../../../lib32/crt1.o
 .rel.text._xtimer_now_internal
                0x0000000008048988        0x0 /usr/lib/gcc/x86_64-linux-gnu/5/../../../../lib32/crt1.o
 .rel.text._xtimer_now64
                0x0000000008048988        0x0 /usr/lib/gcc/x86_64-linux-gnu/5/../../../../lib32/crt1.o
 .rel.text._xtimer_set64
                0x0000000008048988        0x0 /usr/lib/gcc/x86_64-linux-gnu/5/../../../../lib32/crt1.o
 .rel.text._xtimer_set
                0x0000000008048988        0x0 /usr/lib/gcc/x86_64-linux-gnu/5/../../../../lib32/crt1.o
 .rel.text._periph_timer_callback
                0x0000000008048988        0x0 /usr/lib/gcc/x86_64-linux-gnu/5/../../../../lib32/crt1.o
 .rel.text._shoot
                0x0000000008048988        0x0 /usr/lib/gcc/x86_64-linux-gnu/5/../../../../lib32/crt1.o
 .rel.text._lltimer_set
                0x0000000008048988        0x0 /usr/lib/gcc/x86_64-linux-gnu/5/../../../../lib32/crt1.o
 .rel.text._xtimer_set_absolute
                0x0000000008048988        0x0 /usr/lib/gcc/x86_64-linux-gnu/5/../../../../lib32/crt1.o
 .rel.text._add_timer_to_list
                0x0000000008048988        0x0 /usr/lib/gcc/x86_64-linux-gnu/5/../../../../lib32/crt1.o
 .rel.text._add_timer_to_long_list
                0x0000000008048988        0x0 /usr/lib/gcc/x86_64-linux-gnu/5/../../../../lib32/crt1.o
 .rel.text._remove_timer_from_list
                0x0000000008048988        0x0 /usr/lib/gcc/x86_64-linux-gnu/5/../../../../lib32/crt1.o
 .rel.text._remove
                0x0000000008048988        0x0 /usr/lib/gcc/x86_64-linux-gnu/5/../../../../lib32/crt1.o
 .rel.text.xtimer_remove
                0x0000000008048988        0x0 /usr/lib/gcc/x86_64-linux-gnu/5/../../../../lib32/crt1.o
 .rel.text._time_left
                0x0000000008048988        0x0 /usr/lib/gcc/x86_64-linux-gnu/5/../../../../lib32/crt1.o
 .rel.text._this_high_period
                0x0000000008048988        0x0 /usr/lib/gcc/x86_64-linux-gnu/5/../../../../lib32/crt1.o
 .rel.text._compare
                0x0000000008048988        0x0 /usr/lib/gcc/x86_64-linux-gnu/5/../../../../lib32/crt1.o
 .rel.text._merge_lists
                0x0000000008048988        0x0 /usr/lib/gcc/x86_64-linux-gnu/5/../../../../lib32/crt1.o
 .rel.text._select_long_timers
                0x0000000008048988        0x0 /usr/lib/gcc/x86_64-linux-gnu/5/../../../../lib32/crt1.o
 .rel.text._next_period
                0x0000000008048988        0x0 /usr/lib/gcc/x86_64-linux-gnu/5/../../../../lib32/crt1.o
 .rel.text._timer_callback
                0x0000000008048988        0x0 /usr/lib/gcc/x86_64-linux-gnu/5/../../../../lib32/crt1.o
 .rel.text.list_remove
                0x0000000008048988        0x0 /usr/lib/gcc/x86_64-linux-gnu/5/../../../../lib32/crt1.o
 .rel.text.div_u64_by_15625
                0x0000000008048988        0x0 /usr/lib/gcc/x86_64-linux-gnu/5/../../../../lib32/crt1.o
 .rel.text.div_u64_by_1000000
                0x0000000008048988        0x0 /usr/lib/gcc/x86_64-linux-gnu/5/../../../../lib32/crt1.o
 .rel.text._callback_unlock_mutex
                0x0000000008048988        0x0 /usr/lib/gcc/x86_64-linux-gnu/5/../../../../lib32/crt1.o
 .rel.text._xtimer_tsleep
                0x0000000008048988        0x0 /usr/lib/gcc/x86_64-linux-gnu/5/../../../../lib32/crt1.o
 .rel.text._xtimer_periodic_wakeup
                0x0000000008048988        0x0 /usr/lib/gcc/x86_64-linux-gnu/5/../../../../lib32/crt1.o
 .rel.text._callback_msg
                0x0000000008048988        0x0 /usr/lib/gcc/x86_64-linux-gnu/5/../../../../lib32/crt1.o
 .rel.text._setup_msg
                0x0000000008048988        0x0 /usr/lib/gcc/x86_64-linux-gnu/5/../../../../lib32/crt1.o
 .rel.text._xtimer_set_msg
                0x0000000008048988        0x0 /usr/lib/gcc/x86_64-linux-gnu/5/../../../../lib32/crt1.o
 .rel.text._xtimer_set_msg64
                0x0000000008048988        0x0 /usr/lib/gcc/x86_64-linux-gnu/5/../../../../lib32/crt1.o
 .rel.text._callback_wakeup
                0x0000000008048988        0x0 /usr/lib/gcc/x86_64-linux-gnu/5/../../../../lib32/crt1.o
 .rel.text._xtimer_set_wakeup
                0x0000000008048988        0x0 /usr/lib/gcc/x86_64-linux-gnu/5/../../../../lib32/crt1.o
 .rel.text._xtimer_set_wakeup64
                0x0000000008048988        0x0 /usr/lib/gcc/x86_64-linux-gnu/5/../../../../lib32/crt1.o
 .rel.text.xtimer_now_timex
                0x0000000008048988        0x0 /usr/lib/gcc/x86_64-linux-gnu/5/../../../../lib32/crt1.o
 .rel.text._setup_timer_msg
                0x0000000008048988        0x0 /usr/lib/gcc/x86_64-linux-gnu/5/../../../../lib32/crt1.o
 .rel.text._msg_wait
                0x0000000008048988        0x0 /usr/lib/gcc/x86_64-linux-gnu/5/../../../../lib32/crt1.o
 .rel.text._xtimer_msg_receive_timeout64
                0x0000000008048988        0x0 /usr/lib/gcc/x86_64-linux-gnu/5/../../../../lib32/crt1.o
 .rel.text._xtimer_msg_receive_timeout
                0x0000000008048988        0x0 /usr/lib/gcc/x86_64-linux-gnu/5/../../../../lib32/crt1.o
 .rel.text._mutex_timeout
                0x0000000008048988        0x0 /usr/lib/gcc/x86_64-linux-gnu/5/../../../../lib32/crt1.o
 .rel.text.xtimer_mutex_lock_timeout
                0x0000000008048988        0x0 /usr/lib/gcc/x86_64-linux-gnu/5/../../../../lib32/crt1.o
 .rel.text.auto_init
                0x0000000008048988        0x0 /usr/lib/gcc/x86_64-linux-gnu/5/../../../../lib32/crt1.o
 .rel.text.auto_init_netdev_tap
                0x0000000008048988        0x0 /usr/lib/gcc/x86_64-linux-gnu/5/../../../../lib32/crt1.o
 .rel.text._async_io_isr
                0x0000000008048988        0x0 /usr/lib/gcc/x86_64-linux-gnu/5/../../../../lib32/crt1.o
 .rel.text.native_async_read_setup
                0x0000000008048988        0x0 /usr/lib/gcc/x86_64-linux-gnu/5/../../../../lib32/crt1.o
 .rel.text.native_async_read_cleanup
                0x0000000008048988        0x0 /usr/lib/gcc/x86_64-linux-gnu/5/../../../../lib32/crt1.o
 .rel.text.native_async_read_continue
                0x0000000008048988        0x0 /usr/lib/gcc/x86_64-linux-gnu/5/../../../../lib32/crt1.o
 .rel.text.native_async_read_add_handler
                0x0000000008048988        0x0 /usr/lib/gcc/x86_64-linux-gnu/5/../../../../lib32/crt1.o
 .rel.text._div_mulhi64
                0x0000000008048988        0x0 /usr/lib/gcc/x86_64-linux-gnu/5/../../../../lib32/crt1.o
 .rel.text.gnrc_icmpv6_echo_build
                0x0000000008048988        0x0 /usr/lib/gcc/x86_64-linux-gnu/5/../../../../lib32/crt1.o
 .rel.text.gnrc_icmpv6_echo_req_handle
                0x0000000008048988        0x0 /usr/lib/gcc/x86_64-linux-gnu/5/../../../../lib32/crt1.o
 .rel.text.gnrc_nettype_from_protnum
                0x0000000008048988        0x0 /usr/lib/gcc/x86_64-linux-gnu/5/../../../../lib32/crt1.o
 .rel.text.gnrc_nettype_to_protnum
                0x0000000008048988        0x0 /usr/lib/gcc/x86_64-linux-gnu/5/../../../../lib32/crt1.o
 .rel.text.gnrc_pkt_len_upto
                0x0000000008048988        0x0 /usr/lib/gcc/x86_64-linux-gnu/5/../../../../lib32/crt1.o
 .rel.text.ipv6_addr_is_loopback
                0x0000000008048988        0x0 /usr/lib/gcc/x86_64-linux-gnu/5/../../../../lib32/crt1.o
 .rel.text.ipv6_addr_set_loopback
                0x0000000008048988        0x0 /usr/lib/gcc/x86_64-linux-gnu/5/../../../../lib32/crt1.o
 .rel.text.ipv6_hdr_is
                0x0000000008048988        0x0 /usr/lib/gcc/x86_64-linux-gnu/5/../../../../lib32/crt1.o
 .rel.text.gnrc_ipv6_init
                0x0000000008048988        0x0 /usr/lib/gcc/x86_64-linux-gnu/5/../../../../lib32/crt1.o
 .rel.text.gnrc_ipv6_demux
                0x0000000008048988        0x0 /usr/lib/gcc/x86_64-linux-gnu/5/../../../../lib32/crt1.o
 .rel.text.gnrc_ipv6_get_header
                0x0000000008048988        0x0 /usr/lib/gcc/x86_64-linux-gnu/5/../../../../lib32/crt1.o
 .rel.text._dispatch_next_header
                0x0000000008048988        0x0 /usr/lib/gcc/x86_64-linux-gnu/5/../../../../lib32/crt1.o
 .rel.text._send_to_iface
                0x0000000008048988        0x0 /usr/lib/gcc/x86_64-linux-gnu/5/../../../../lib32/crt1.o
 .rel.text._create_netif_hdr
                0x0000000008048988        0x0 /usr/lib/gcc/x86_64-linux-gnu/5/../../../../lib32/crt1.o
 .rel.text._send_unicast
                0x0000000008048988        0x0 /usr/lib/gcc/x86_64-linux-gnu/5/../../../../lib32/crt1.o
 .rel.text._fill_ipv6_hdr
                0x0000000008048988        0x0 /usr/lib/gcc/x86_64-linux-gnu/5/../../../../lib32/crt1.o
 .rel.text._send_multicast_over_iface
                0x0000000008048988        0x0 /usr/lib/gcc/x86_64-linux-gnu/5/../../../../lib32/crt1.o
 .rel.text._send_multicast
                0x0000000008048988        0x0 /usr/lib/gcc/x86_64-linux-gnu/5/../../../../lib32/crt1.o
 .rel.text._next_hop_l2addr
                0x0000000008048988        0x0 /usr/lib/gcc/x86_64-linux-gnu/5/../../../../lib32/crt1.o
 .rel.text._pkt_not_for_me
                0x0000000008048988        0x0 /usr/lib/gcc/x86_64-linux-gnu/5/../../../../lib32/crt1.o
 .rel.text._decapsulate
                0x0000000008048988        0x0 /usr/lib/gcc/x86_64-linux-gnu/5/../../../../lib32/crt1.o
 .rel.text.gnrc_ipv6_hdr_build
                0x0000000008048988        0x0 /usr/lib/gcc/x86_64-linux-gnu/5/../../../../lib32/crt1.o
 .rel.text.gnrc_pktqueue_remove
                0x0000000008048988        0x0 /usr/lib/gcc/x86_64-linux-gnu/5/../../../../lib32/crt1.o
 .rel.text.gnrc_pktqueue_remove_head
                0x0000000008048988        0x0 /usr/lib/gcc/x86_64-linux-gnu/5/../../../../lib32/crt1.o
 .rel.text.gnrc_ipv6_nc_get_state
                0x0000000008048988        0x0 /usr/lib/gcc/x86_64-linux-gnu/5/../../../../lib32/crt1.o
 .rel.text.gnrc_ipv6_nc_is_reachable
                0x0000000008048988        0x0 /usr/lib/gcc/x86_64-linux-gnu/5/../../../../lib32/crt1.o
 .rel.text.gnrc_ndp_internal_reset_nbr_sol_timer
                0x0000000008048988        0x0 /usr/lib/gcc/x86_64-linux-gnu/5/../../../../lib32/crt1.o
 .rel.text._nc_remove
                0x0000000008048988        0x0 /usr/lib/gcc/x86_64-linux-gnu/5/../../../../lib32/crt1.o
 .rel.text.gnrc_ipv6_nc_init
                0x0000000008048988        0x0 /usr/lib/gcc/x86_64-linux-gnu/5/../../../../lib32/crt1.o
 .rel.text._find_free_entry
                0x0000000008048988        0x0 /usr/lib/gcc/x86_64-linux-gnu/5/../../../../lib32/crt1.o
 .rel.text.gnrc_ipv6_nc_add
                0x0000000008048988        0x0 /usr/lib/gcc/x86_64-linux-gnu/5/../../../../lib32/crt1.o
 .rel.text.gnrc_ipv6_nc_remove
                0x0000000008048988        0x0 /usr/lib/gcc/x86_64-linux-gnu/5/../../../../lib32/crt1.o
 .rel.text.gnrc_ipv6_nc_get
                0x0000000008048988        0x0 /usr/lib/gcc/x86_64-linux-gnu/5/../../../../lib32/crt1.o
 .rel.text.gnrc_ipv6_nc_get_next
                0x0000000008048988        0x0 /usr/lib/gcc/x86_64-linux-gnu/5/../../../../lib32/crt1.o
 .rel.text.gnrc_ipv6_nc_get_next_router
                0x0000000008048988        0x0 /usr/lib/gcc/x86_64-linux-gnu/5/../../../../lib32/crt1.o
 .rel.text.gnrc_ipv6_nc_still_reachable
                0x0000000008048988        0x0 /usr/lib/gcc/x86_64-linux-gnu/5/../../../../lib32/crt1.o
 .rel.text.gnrc_ipv6_nc_get_l2_addr
                0x0000000008048988        0x0 /usr/lib/gcc/x86_64-linux-gnu/5/../../../../lib32/crt1.o
 .rel.text.bf_set
                0x0000000008048988        0x0 /usr/lib/gcc/x86_64-linux-gnu/5/../../../../lib32/crt1.o
 .rel.text.bf_isset
                0x0000000008048988        0x0 /usr/lib/gcc/x86_64-linux-gnu/5/../../../../lib32/crt1.o
 .rel.text.byteorder_swapll
                0x0000000008048988        0x0 /usr/lib/gcc/x86_64-linux-gnu/5/../../../../lib32/crt1.o
 .rel.text.byteorder_htonll
                0x0000000008048988        0x0 /usr/lib/gcc/x86_64-linux-gnu/5/../../../../lib32/crt1.o
 .rel.text.ipv6_addr_is_site_local
                0x0000000008048988        0x0 /usr/lib/gcc/x86_64-linux-gnu/5/../../../../lib32/crt1.o
 .rel.text.ipv6_addr_set_link_local_prefix
                0x0000000008048988        0x0 /usr/lib/gcc/x86_64-linux-gnu/5/../../../../lib32/crt1.o
 .rel.text.ipv6_addr_set_aiid
                0x0000000008048988        0x0 /usr/lib/gcc/x86_64-linux-gnu/5/../../../../lib32/crt1.o
 .rel.text.ipv6_addr_set_solicited_nodes
                0x0000000008048988        0x0 /usr/lib/gcc/x86_64-linux-gnu/5/../../../../lib32/crt1.o
 .rel.text.gnrc_ipv6_netif_addr_is_non_unicast
                0x0000000008048988        0x0 /usr/lib/gcc/x86_64-linux-gnu/5/../../../../lib32/crt1.o
 .rel.text._add_addr_to_entry
                0x0000000008048988        0x0 /usr/lib/gcc/x86_64-linux-gnu/5/../../../../lib32/crt1.o
 .rel.text._reset_addr_from_entry
                0x0000000008048988        0x0 /usr/lib/gcc/x86_64-linux-gnu/5/../../../../lib32/crt1.o
 .rel.text._ipv6_netif_remove
                0x0000000008048988        0x0 /usr/lib/gcc/x86_64-linux-gnu/5/../../../../lib32/crt1.o
 .rel.text.gnrc_ipv6_netif_init
                0x0000000008048988        0x0 /usr/lib/gcc/x86_64-linux-gnu/5/../../../../lib32/crt1.o
 .rel.text.gnrc_ipv6_netif_add
                0x0000000008048988        0x0 /usr/lib/gcc/x86_64-linux-gnu/5/../../../../lib32/crt1.o
 .rel.text.gnrc_ipv6_netif_remove
                0x0000000008048988        0x0 /usr/lib/gcc/x86_64-linux-gnu/5/../../../../lib32/crt1.o
 .rel.text.gnrc_ipv6_netif_get
                0x0000000008048988        0x0 /usr/lib/gcc/x86_64-linux-gnu/5/../../../../lib32/crt1.o
 .rel.text.gnrc_ipv6_netif_add_addr
                0x0000000008048988        0x0 /usr/lib/gcc/x86_64-linux-gnu/5/../../../../lib32/crt1.o
 .rel.text._remove_addr_from_entry
                0x0000000008048988        0x0 /usr/lib/gcc/x86_64-linux-gnu/5/../../../../lib32/crt1.o
 .rel.text.gnrc_ipv6_netif_remove_addr
                0x0000000008048988        0x0 /usr/lib/gcc/x86_64-linux-gnu/5/../../../../lib32/crt1.o
 .rel.text.gnrc_ipv6_netif_reset_addr
                0x0000000008048988        0x0 /usr/lib/gcc/x86_64-linux-gnu/5/../../../../lib32/crt1.o
 .rel.text.gnrc_ipv6_netif_find_by_addr
                0x0000000008048988        0x0 /usr/lib/gcc/x86_64-linux-gnu/5/../../../../lib32/crt1.o
 .rel.text.gnrc_ipv6_netif_find_addr
                0x0000000008048988        0x0 /usr/lib/gcc/x86_64-linux-gnu/5/../../../../lib32/crt1.o
 .rel.text._find_by_prefix_unsafe
                0x0000000008048988        0x0 /usr/lib/gcc/x86_64-linux-gnu/5/../../../../lib32/crt1.o
 .rel.text.gnrc_ipv6_netif_find_by_prefix
                0x0000000008048988        0x0 /usr/lib/gcc/x86_64-linux-gnu/5/../../../../lib32/crt1.o
 .rel.text._create_candidate_set
                0x0000000008048988        0x0 /usr/lib/gcc/x86_64-linux-gnu/5/../../../../lib32/crt1.o
 .rel.text.gnrc_ipv6_netif_match_prefix
                0x0000000008048988        0x0 /usr/lib/gcc/x86_64-linux-gnu/5/../../../../lib32/crt1.o
 .rel.text._get_scope
                0x0000000008048988        0x0 /usr/lib/gcc/x86_64-linux-gnu/5/../../../../lib32/crt1.o
 .rel.text._source_address_selection
                0x0000000008048988        0x0 /usr/lib/gcc/x86_64-linux-gnu/5/../../../../lib32/crt1.o
 .rel.text.gnrc_ipv6_netif_find_best_src_addr
                0x0000000008048988        0x0 /usr/lib/gcc/x86_64-linux-gnu/5/../../../../lib32/crt1.o
 .rel.text.gnrc_ipv6_netif_init_by_dev
                0x0000000008048988        0x0 /usr/lib/gcc/x86_64-linux-gnu/5/../../../../lib32/crt1.o
 .rel.text.ipv6_addr_is_solicited_node
                0x0000000008048988        0x0 /usr/lib/gcc/x86_64-linux-gnu/5/../../../../lib32/crt1.o
 .rel.text.random_uint32_range
                0x0000000008048988        0x0 /usr/lib/gcc/x86_64-linux-gnu/5/../../../../lib32/crt1.o
 .rel.text._stale_nc
                0x0000000008048988        0x0 /usr/lib/gcc/x86_64-linux-gnu/5/../../../../lib32/crt1.o
 .rel.text.gnrc_ndp_nbr_sol_handle
                0x0000000008048988        0x0 /usr/lib/gcc/x86_64-linux-gnu/5/../../../../lib32/crt1.o
 .rel.text._pkt_has_l2addr
                0x0000000008048988        0x0 /usr/lib/gcc/x86_64-linux-gnu/5/../../../../lib32/crt1.o
 .rel.text.gnrc_ndp_nbr_adv_handle
                0x0000000008048988        0x0 /usr/lib/gcc/x86_64-linux-gnu/5/../../../../lib32/crt1.o
 .rel.text._set_reach_time
                0x0000000008048988        0x0 /usr/lib/gcc/x86_64-linux-gnu/5/../../../../lib32/crt1.o
 .rel.text.gnrc_ndp_rtr_adv_handle
                0x0000000008048988        0x0 /usr/lib/gcc/x86_64-linux-gnu/5/../../../../lib32/crt1.o
 .rel.text.gnrc_ndp_retrans_nbr_sol
                0x0000000008048988        0x0 /usr/lib/gcc/x86_64-linux-gnu/5/../../../../lib32/crt1.o
 .rel.text.gnrc_ndp_state_timeout
                0x0000000008048988        0x0 /usr/lib/gcc/x86_64-linux-gnu/5/../../../../lib32/crt1.o
 .rel.text.gnrc_ndp_netif_add
                0x0000000008048988        0x0 /usr/lib/gcc/x86_64-linux-gnu/5/../../../../lib32/crt1.o
 .rel.text.gnrc_ndp_netif_remove
                0x0000000008048988        0x0 /usr/lib/gcc/x86_64-linux-gnu/5/../../../../lib32/crt1.o
 .rel.text.gnrc_ndp_nbr_sol_build
                0x0000000008048988        0x0 /usr/lib/gcc/x86_64-linux-gnu/5/../../../../lib32/crt1.o
 .rel.text.gnrc_ndp_nbr_adv_build
                0x0000000008048988        0x0 /usr/lib/gcc/x86_64-linux-gnu/5/../../../../lib32/crt1.o
 .rel.text.gnrc_ndp_rtr_sol_build
                0x0000000008048988        0x0 /usr/lib/gcc/x86_64-linux-gnu/5/../../../../lib32/crt1.o
 .rel.text._ceil8
                0x0000000008048988        0x0 /usr/lib/gcc/x86_64-linux-gnu/5/../../../../lib32/crt1.o
 .rel.text.gnrc_ndp_opt_build
                0x0000000008048988        0x0 /usr/lib/gcc/x86_64-linux-gnu/5/../../../../lib32/crt1.o
 .rel.text._opt_l2a_build
                0x0000000008048988        0x0 /usr/lib/gcc/x86_64-linux-gnu/5/../../../../lib32/crt1.o
 .rel.text.gnrc_ndp_opt_sl2a_build
                0x0000000008048988        0x0 /usr/lib/gcc/x86_64-linux-gnu/5/../../../../lib32/crt1.o
 .rel.text.gnrc_ndp_opt_tl2a_build
                0x0000000008048988        0x0 /usr/lib/gcc/x86_64-linux-gnu/5/../../../../lib32/crt1.o
 .rel.text._reschedule_rtr_sol
                0x0000000008048988        0x0 /usr/lib/gcc/x86_64-linux-gnu/5/../../../../lib32/crt1.o
 .rel.text.gnrc_ndp_host_init
                0x0000000008048988        0x0 /usr/lib/gcc/x86_64-linux-gnu/5/../../../../lib32/crt1.o
 .rel.text.gnrc_ndp_host_retrans_rtr_sol
                0x0000000008048988        0x0 /usr/lib/gcc/x86_64-linux-gnu/5/../../../../lib32/crt1.o
 .rel.text.ipv6_addr_set_all_nodes_multicast
                0x0000000008048988        0x0 /usr/lib/gcc/x86_64-linux-gnu/5/../../../../lib32/crt1.o
 .rel.text._send_delayed
                0x0000000008048988        0x0 /usr/lib/gcc/x86_64-linux-gnu/5/../../../../lib32/crt1.o
 .rel.text.gnrc_ndp_internal_default_router
                0x0000000008048988        0x0 /usr/lib/gcc/x86_64-linux-gnu/5/../../../../lib32/crt1.o
 .rel.text.gnrc_ndp_internal_set_state
                0x0000000008048988        0x0 /usr/lib/gcc/x86_64-linux-gnu/5/../../../../lib32/crt1.o
 .rel.text.gnrc_ndp_internal_send_nbr_adv
                0x0000000008048988        0x0 /usr/lib/gcc/x86_64-linux-gnu/5/../../../../lib32/crt1.o
 .rel.text.gnrc_ndp_internal_send_nbr_sol
                0x0000000008048988        0x0 /usr/lib/gcc/x86_64-linux-gnu/5/../../../../lib32/crt1.o
 .rel.text.gnrc_ndp_internal_send_rtr_sol
                0x0000000008048988        0x0 /usr/lib/gcc/x86_64-linux-gnu/5/../../../../lib32/crt1.o
 .rel.text.gnrc_ndp_internal_sl2a_opt_handle
                0x0000000008048988        0x0 /usr/lib/gcc/x86_64-linux-gnu/5/../../../../lib32/crt1.o
 .rel.text.gnrc_ndp_internal_tl2a_opt_handle
                0x0000000008048988        0x0 /usr/lib/gcc/x86_64-linux-gnu/5/../../../../lib32/crt1.o
 .rel.text.gnrc_ndp_internal_mtu_opt_handle
                0x0000000008048988        0x0 /usr/lib/gcc/x86_64-linux-gnu/5/../../../../lib32/crt1.o
 .rel.text.gnrc_ndp_internal_pi_opt_handle
                0x0000000008048988        0x0 /usr/lib/gcc/x86_64-linux-gnu/5/../../../../lib32/crt1.o
 .rel.text._get_l2src
                0x0000000008048988        0x0 /usr/lib/gcc/x86_64-linux-gnu/5/../../../../lib32/crt1.o
 .rel.text._build_headers
                0x0000000008048988        0x0 /usr/lib/gcc/x86_64-linux-gnu/5/../../../../lib32/crt1.o
 .rel.text.gnrc_pktqueue_add
                0x0000000008048988        0x0 /usr/lib/gcc/x86_64-linux-gnu/5/../../../../lib32/crt1.o
 .rel.text._alloc_pkt_node
                0x0000000008048988        0x0 /usr/lib/gcc/x86_64-linux-gnu/5/../../../../lib32/crt1.o
 .rel.text.gnrc_ndp_node_next_hop_l2addr
                0x0000000008048988        0x0 /usr/lib/gcc/x86_64-linux-gnu/5/../../../../lib32/crt1.o
 .rel.text._get_set
                0x0000000008048988        0x0 /usr/lib/gcc/x86_64-linux-gnu/5/../../../../lib32/crt1.o
 .rel.text._snd_rcv
                0x0000000008048988        0x0 /usr/lib/gcc/x86_64-linux-gnu/5/../../../../lib32/crt1.o
 .rel.text._snd_rcv_mbox
                0x0000000008048988        0x0 /usr/lib/gcc/x86_64-linux-gnu/5/../../../../lib32/crt1.o
 .rel.text.gnrc_netapi_dispatch
                0x0000000008048988        0x0 /usr/lib/gcc/x86_64-linux-gnu/5/../../../../lib32/crt1.o
 .rel.text.gnrc_netapi_send
                0x0000000008048988        0x0 /usr/lib/gcc/x86_64-linux-gnu/5/../../../../lib32/crt1.o
 .rel.text.gnrc_netapi_receive
                0x0000000008048988        0x0 /usr/lib/gcc/x86_64-linux-gnu/5/../../../../lib32/crt1.o
 .rel.text.gnrc_netapi_get
                0x0000000008048988        0x0 /usr/lib/gcc/x86_64-linux-gnu/5/../../../../lib32/crt1.o
 .rel.text.gnrc_netapi_set
                0x0000000008048988        0x0 /usr/lib/gcc/x86_64-linux-gnu/5/../../../../lib32/crt1.o
 .rel.text.gnrc_nettype_from_ethertype
                0x0000000008048988        0x0 /usr/lib/gcc/x86_64-linux-gnu/5/../../../../lib32/crt1.o
 .rel.text.gnrc_nettype_to_ethertype
                0x0000000008048988        0x0 /usr/lib/gcc/x86_64-linux-gnu/5/../../../../lib32/crt1.o
 .rel.text.gnrc_netif_hdr_get_src_addr
                0x0000000008048988        0x0 /usr/lib/gcc/x86_64-linux-gnu/5/../../../../lib32/crt1.o
 .rel.text.gnrc_netif_hdr_set_src_addr
                0x0000000008048988        0x0 /usr/lib/gcc/x86_64-linux-gnu/5/../../../../lib32/crt1.o
 .rel.text.gnrc_netif_hdr_get_dst_addr
                0x0000000008048988        0x0 /usr/lib/gcc/x86_64-linux-gnu/5/../../../../lib32/crt1.o
 .rel.text.gnrc_netif_hdr_set_dst_addr
                0x0000000008048988        0x0 /usr/lib/gcc/x86_64-linux-gnu/5/../../../../lib32/crt1.o
 .rel.text._recv
                0x0000000008048988        0x0 /usr/lib/gcc/x86_64-linux-gnu/5/../../../../lib32/crt1.o
 .rel.text._addr_set_broadcast
                0x0000000008048988        0x0 /usr/lib/gcc/x86_64-linux-gnu/5/../../../../lib32/crt1.o
 .rel.text._addr_set_multicast
                0x0000000008048988        0x0 /usr/lib/gcc/x86_64-linux-gnu/5/../../../../lib32/crt1.o
 .rel.text.gnrc_netdev_eth_init
                0x0000000008048988        0x0 /usr/lib/gcc/x86_64-linux-gnu/5/../../../../lib32/crt1.o
 .rel.text._event_cb
                0x0000000008048988        0x0 /usr/lib/gcc/x86_64-linux-gnu/5/../../../../lib32/crt1.o
 .rel.text._pass_on_packet
                0x0000000008048988        0x0 /usr/lib/gcc/x86_64-linux-gnu/5/../../../../lib32/crt1.o
 .rel.text._gnrc_netdev_thread
                0x0000000008048988        0x0 /usr/lib/gcc/x86_64-linux-gnu/5/../../../../lib32/crt1.o
 .rel.text.gnrc_netdev_init
                0x0000000008048988        0x0 /usr/lib/gcc/x86_64-linux-gnu/5/../../../../lib32/crt1.o
 .rel.text._half_byte_to_char
                0x0000000008048988        0x0 /usr/lib/gcc/x86_64-linux-gnu/5/../../../../lib32/crt1.o
 .rel.text.gnrc_netif_addr_to_str
                0x0000000008048988        0x0 /usr/lib/gcc/x86_64-linux-gnu/5/../../../../lib32/crt1.o
 .rel.text.gnrc_netif_init
                0x0000000008048988        0x0 /usr/lib/gcc/x86_64-linux-gnu/5/../../../../lib32/crt1.o
 .rel.text.gnrc_netif_add
                0x0000000008048988        0x0 /usr/lib/gcc/x86_64-linux-gnu/5/../../../../lib32/crt1.o
 .rel.text.gnrc_netif_remove
                0x0000000008048988        0x0 /usr/lib/gcc/x86_64-linux-gnu/5/../../../../lib32/crt1.o
 .rel.text.gnrc_netif_get
                0x0000000008048988        0x0 /usr/lib/gcc/x86_64-linux-gnu/5/../../../../lib32/crt1.o
 .rel.text.gnrc_netif_exist
                0x0000000008048988        0x0 /usr/lib/gcc/x86_64-linux-gnu/5/../../../../lib32/crt1.o
 .rel.text._dehex
                0x0000000008048988        0x0 /usr/lib/gcc/x86_64-linux-gnu/5/../../../../lib32/crt1.o
 .rel.text.gnrc_netif_addr_from_str
                0x0000000008048988        0x0 /usr/lib/gcc/x86_64-linux-gnu/5/../../../../lib32/crt1.o
 .rel.text.gnrc_netif_hdr_build
                0x0000000008048988        0x0 /usr/lib/gcc/x86_64-linux-gnu/5/../../../../lib32/crt1.o
 .rel.text.gnrc_netif_hdr_get_flag
                0x0000000008048988        0x0 /usr/lib/gcc/x86_64-linux-gnu/5/../../../../lib32/crt1.o
 .rel.text.gnrc_netif_hdr_get_dstaddr
                0x0000000008048988        0x0 /usr/lib/gcc/x86_64-linux-gnu/5/../../../../lib32/crt1.o
 .rel.text.gnrc_netif_hdr_get_srcaddr
                0x0000000008048988        0x0 /usr/lib/gcc/x86_64-linux-gnu/5/../../../../lib32/crt1.o
 .rel.text.gnrc_netreg_init
                0x0000000008048988        0x0 /usr/lib/gcc/x86_64-linux-gnu/5/../../../../lib32/crt1.o
 .rel.text.gnrc_netreg_register
                0x0000000008048988        0x0 /usr/lib/gcc/x86_64-linux-gnu/5/../../../../lib32/crt1.o
 .rel.text.gnrc_netreg_unregister
                0x0000000008048988        0x0 /usr/lib/gcc/x86_64-linux-gnu/5/../../../../lib32/crt1.o
 .rel.text.gnrc_netreg_lookup
                0x0000000008048988        0x0 /usr/lib/gcc/x86_64-linux-gnu/5/../../../../lib32/crt1.o
 .rel.text.gnrc_netreg_num
                0x0000000008048988        0x0 /usr/lib/gcc/x86_64-linux-gnu/5/../../../../lib32/crt1.o
 .rel.text.gnrc_netreg_getnext
                0x0000000008048988        0x0 /usr/lib/gcc/x86_64-linux-gnu/5/../../../../lib32/crt1.o
 .rel.text.gnrc_netreg_calc_csum
                0x0000000008048988        0x0 /usr/lib/gcc/x86_64-linux-gnu/5/../../../../lib32/crt1.o
 .rel.text.gnrc_pktsnip_search_type
                0x0000000008048988        0x0 /usr/lib/gcc/x86_64-linux-gnu/5/../../../../lib32/crt1.o
 .rel.text.gnrc_pkt_count
                0x0000000008048988        0x0 /usr/lib/gcc/x86_64-linux-gnu/5/../../../../lib32/crt1.o
 .rel.text._pktbuf_contains
                0x0000000008048988        0x0 /usr/lib/gcc/x86_64-linux-gnu/5/../../../../lib32/crt1.o
 .rel.text._align
                0x0000000008048988        0x0 /usr/lib/gcc/x86_64-linux-gnu/5/../../../../lib32/crt1.o
 .rel.text._set_pktsnip
                0x0000000008048988        0x0 /usr/lib/gcc/x86_64-linux-gnu/5/../../../../lib32/crt1.o
 .rel.text.gnrc_pktbuf_init
                0x0000000008048988        0x0 /usr/lib/gcc/x86_64-linux-gnu/5/../../../../lib32/crt1.o
 .rel.text.gnrc_pktbuf_add
                0x0000000008048988        0x0 /usr/lib/gcc/x86_64-linux-gnu/5/../../../../lib32/crt1.o
 .rel.text.gnrc_pktbuf_mark
                0x0000000008048988        0x0 /usr/lib/gcc/x86_64-linux-gnu/5/../../../../lib32/crt1.o
 .rel.text.gnrc_pktbuf_realloc_data
                0x0000000008048988        0x0 /usr/lib/gcc/x86_64-linux-gnu/5/../../../../lib32/crt1.o
 .rel.text.gnrc_pktbuf_hold
                0x0000000008048988        0x0 /usr/lib/gcc/x86_64-linux-gnu/5/../../../../lib32/crt1.o
 .rel.text._release_error_locked
                0x0000000008048988        0x0 /usr/lib/gcc/x86_64-linux-gnu/5/../../../../lib32/crt1.o
 .rel.text.gnrc_pktbuf_release_error
                0x0000000008048988        0x0 /usr/lib/gcc/x86_64-linux-gnu/5/../../../../lib32/crt1.o
 .rel.text.gnrc_pktbuf_start_write
                0x0000000008048988        0x0 /usr/lib/gcc/x86_64-linux-gnu/5/../../../../lib32/crt1.o
 .rel.text.gnrc_pktbuf_get_iovec
                0x0000000008048988        0x0 /usr/lib/gcc/x86_64-linux-gnu/5/../../../../lib32/crt1.o
 .rel.text._print_chunk
                0x0000000008048988        0x0 /usr/lib/gcc/x86_64-linux-gnu/5/../../../../lib32/crt1.o
 .rel.text._print_unused
                0x0000000008048988        0x0 /usr/lib/gcc/x86_64-linux-gnu/5/../../../../lib32/crt1.o
 .rel.text.gnrc_pktbuf_stats
                0x0000000008048988        0x0 /usr/lib/gcc/x86_64-linux-gnu/5/../../../../lib32/crt1.o
 .rel.text._create_snip
                0x0000000008048988        0x0 /usr/lib/gcc/x86_64-linux-gnu/5/../../../../lib32/crt1.o
 .rel.text._pktbuf_alloc
                0x0000000008048988        0x0 /usr/lib/gcc/x86_64-linux-gnu/5/../../../../lib32/crt1.o
 .rel.text._too_small_hole
                0x0000000008048988        0x0 /usr/lib/gcc/x86_64-linux-gnu/5/../../../../lib32/crt1.o
 .rel.text._merge
                0x0000000008048988        0x0 /usr/lib/gcc/x86_64-linux-gnu/5/../../../../lib32/crt1.o
 .rel.text._pktbuf_free
                0x0000000008048988        0x0 /usr/lib/gcc/x86_64-linux-gnu/5/../../../../lib32/crt1.o
 .rel.text.gnrc_pktbuf_remove_snip
                0x0000000008048988        0x0 /usr/lib/gcc/x86_64-linux-gnu/5/../../../../lib32/crt1.o
 .rel.text.gnrc_pktbuf_replace_snip
                0x0000000008048988        0x0 /usr/lib/gcc/x86_64-linux-gnu/5/../../../../lib32/crt1.o
 .rel.text.gnrc_pktbuf_duplicate_upto
                0x0000000008048988        0x0 /usr/lib/gcc/x86_64-linux-gnu/5/../../../../lib32/crt1.o
 .rel.text.xtimer_set
                0x0000000008048988        0x0 /usr/lib/gcc/x86_64-linux-gnu/5/../../../../lib32/crt1.o
 .rel.text.mbox_init
                0x0000000008048988        0x0 /usr/lib/gcc/x86_64-linux-gnu/5/../../../../lib32/crt1.o
 .rel.text.mbox_get
                0x0000000008048988        0x0 /usr/lib/gcc/x86_64-linux-gnu/5/../../../../lib32/crt1.o
 .rel.text.mbox_try_get
                0x0000000008048988        0x0 /usr/lib/gcc/x86_64-linux-gnu/5/../../../../lib32/crt1.o
 .rel.text.gnrc_netreg_entry_init_mbox
                0x0000000008048988        0x0 /usr/lib/gcc/x86_64-linux-gnu/5/../../../../lib32/crt1.o
 .rel.text._callback_put
                0x0000000008048988        0x0 /usr/lib/gcc/x86_64-linux-gnu/5/../../../../lib32/crt1.o
 .rel.text.gnrc_sock_create
                0x0000000008048988        0x0 /usr/lib/gcc/x86_64-linux-gnu/5/../../../../lib32/crt1.o
 .rel.text.gnrc_sock_recv
                0x0000000008048988        0x0 /usr/lib/gcc/x86_64-linux-gnu/5/../../../../lib32/crt1.o
 .rel.text.gnrc_sock_send
                0x0000000008048988        0x0 /usr/lib/gcc/x86_64-linux-gnu/5/../../../../lib32/crt1.o
 .rel.text._get_mac_addr
                0x0000000008048988        0x0 /usr/lib/gcc/x86_64-linux-gnu/5/../../../../lib32/crt1.o
 .rel.text._set_mac_addr
                0x0000000008048988        0x0 /usr/lib/gcc/x86_64-linux-gnu/5/../../../../lib32/crt1.o
 .rel.text._get_promiscous
                0x0000000008048988        0x0 /usr/lib/gcc/x86_64-linux-gnu/5/../../../../lib32/crt1.o
 .rel.text._set_promiscous
                0x0000000008048988        0x0 /usr/lib/gcc/x86_64-linux-gnu/5/../../../../lib32/crt1.o
 .rel.text._isr
                0x0000000008048988        0x0 /usr/lib/gcc/x86_64-linux-gnu/5/../../../../lib32/crt1.o
 .rel.text._get
                0x0000000008048988        0x0 /usr/lib/gcc/x86_64-linux-gnu/5/../../../../lib32/crt1.o
 .rel.text._set
                0x0000000008048988        0x0 /usr/lib/gcc/x86_64-linux-gnu/5/../../../../lib32/crt1.o
 .rel.text._is_addr_broadcast
                0x0000000008048988        0x0 /usr/lib/gcc/x86_64-linux-gnu/5/../../../../lib32/crt1.o
 .rel.text._is_addr_multicast
                0x0000000008048988        0x0 /usr/lib/gcc/x86_64-linux-gnu/5/../../../../lib32/crt1.o
 .rel.text._continue_reading
                0x0000000008048988        0x0 /usr/lib/gcc/x86_64-linux-gnu/5/../../../../lib32/crt1.o
 .rel.text.netdev_tap_setup
                0x0000000008048988        0x0 /usr/lib/gcc/x86_64-linux-gnu/5/../../../../lib32/crt1.o
 .rel.text._tap_isr
                0x0000000008048988        0x0 /usr/lib/gcc/x86_64-linux-gnu/5/../../../../lib32/crt1.o
 .rel.text._init
                0x0000000008048988        0x0 /usr/lib/gcc/x86_64-linux-gnu/5/../../../../lib32/crt1.o
 .rel.text.gnrc_icmpv6_demux
                0x0000000008048988        0x0 /usr/lib/gcc/x86_64-linux-gnu/5/../../../../lib32/crt1.o
 .rel.text.gnrc_icmpv6_build
                0x0000000008048988        0x0 /usr/lib/gcc/x86_64-linux-gnu/5/../../../../lib32/crt1.o
 .rel.text.gnrc_icmpv6_calc_csum
                0x0000000008048988        0x0 /usr/lib/gcc/x86_64-linux-gnu/5/../../../../lib32/crt1.o
 .rel.text.ethernet_get_iid
                0x0000000008048988        0x0 /usr/lib/gcc/x86_64-linux-gnu/5/../../../../lib32/crt1.o
 .rel.text._get_iid
                0x0000000008048988        0x0 /usr/lib/gcc/x86_64-linux-gnu/5/../../../../lib32/crt1.o
 .rel.text.netdev_eth_get
                0x0000000008048988        0x0 /usr/lib/gcc/x86_64-linux-gnu/5/../../../../lib32/crt1.o
 .rel.text.netdev_eth_set
                0x0000000008048988        0x0 /usr/lib/gcc/x86_64-linux-gnu/5/../../../../lib32/crt1.o
 *(.rel.fini)
 *(.rel.rodata .rel.rodata.* .rel.gnu.linkonce.r.*)
 .rel.rodata.shell_commands
                0x0000000008048988        0x0 /usr/lib/gcc/x86_64-linux-gnu/5/../../../../lib32/crt1.o
 .rel.rodata._shell_command_list
                0x0000000008048988        0x0 /usr/lib/gcc/x86_64-linux-gnu/5/../../../../lib32/crt1.o
 *(.rel.data.rel.ro .rel.data.rel.ro.* .rel.gnu.linkonce.d.rel.ro.*)
 *(.rel.data .rel.data.* .rel.gnu.linkonce.d.*)
 *(.rel.tdata .rel.tdata.* .rel.gnu.linkonce.td.*)
 *(.rel.tbss .rel.tbss.* .rel.gnu.linkonce.tb.*)
 *(.rel.ctors)
 *(.rel.dtors)
 *(.rel.got)
 .rel.got       0x0000000008048988        0x8 /usr/lib/gcc/x86_64-linux-gnu/5/../../../../lib32/crt1.o
 *(.rel.bss .rel.bss.* .rel.gnu.linkonce.b.*)
 .rel.bss       0x0000000008048990       0x18 /usr/lib/gcc/x86_64-linux-gnu/5/../../../../lib32/crt1.o
 *(.rel.ifunc)

.rel.plt        0x00000000080489a8      0x118
 *(.rel.plt)
 .rel.plt       0x00000000080489a8      0x118 /usr/lib/gcc/x86_64-linux-gnu/5/../../../../lib32/crt1.o
                [!provide]                        PROVIDE (__rel_iplt_start, .)
 *(.rel.iplt)
 .rel.iplt      0x0000000008048ac0        0x0 /usr/lib/gcc/x86_64-linux-gnu/5/../../../../lib32/crt1.o
                [!provide]                        PROVIDE (__rel_iplt_end, .)

.init           0x0000000008048ac0       0x23
 *(SORT(.init))
 .init          0x0000000008048ac0       0x1e /usr/lib/gcc/x86_64-linux-gnu/5/../../../../lib32/crti.o
                0x0000000008048ac0                _init
 .init          0x0000000008048ade        0x5 /usr/lib/gcc/x86_64-linux-gnu/5/../../../../lib32/crtn.o

.plt            0x0000000008048af0      0x240
 *(.plt)
 .plt           0x0000000008048af0      0x240 /usr/lib/gcc/x86_64-linux-gnu/5/../../../../lib32/crt1.o
                0x0000000008048b00                strcmp@@GLIBC_2.0
                0x0000000008048b10                sigprocmask@@GLIBC_2.0
                0x0000000008048b20                memmove@@GLIBC_2.0
                0x0000000008048b30                memcpy@@GLIBC_2.0
                0x0000000008048b40                setcontext@@GLIBC_2.0
                0x0000000008048b50                getchar@@GLIBC_2.0
                0x0000000008048b60                memcmp@@GLIBC_2.0
                0x0000000008048b70                __stack_chk_fail@@GLIBC_2.4
                0x0000000008048b80                strcpy@@GLIBC_2.0
                0x0000000008048b90                strerror@@GLIBC_2.0
                0x0000000008048ba0                getopt_long@@GLIBC_2.0
                0x0000000008048bb0                strtoul@@GLIBC_2.0
                0x0000000008048bc0                strchr@@GLIBC_2.0
                0x0000000008048bd0                strlen@@GLIBC_2.0
                0x0000000008048be0                __libc_start_main@@GLIBC_2.0
                0x0000000008048bf0                write@@GLIBC_2.0
                0x0000000008048c00                sigdelset@@GLIBC_2.0
                0x0000000008048c10                atol@@GLIBC_2.0
                0x0000000008048c20                getcontext@@GLIBC_2.1
                0x0000000008048c30                sigaddset@@GLIBC_2.0
                0x0000000008048c40                dlsym@@GLIBC_2.0
                0x0000000008048c50                sigfillset@@GLIBC_2.0
                0x0000000008048c60                memset@@GLIBC_2.0
                0x0000000008048c70                snprintf@@GLIBC_2.0
                0x0000000008048c80                swapcontext@@GLIBC_2.1
                0x0000000008048c90                __errno_location@@GLIBC_2.0
                0x0000000008048ca0                strncpy@@GLIBC_2.0
                0x0000000008048cb0                fileno@@GLIBC_2.0
                0x0000000008048cc0                makecontext@@GLIBC_2.1
                0x0000000008048cd0                strndup@@GLIBC_2.0
                0x0000000008048ce0                sigemptyset@@GLIBC_2.0
                0x0000000008048cf0                vsnprintf@@GLIBC_2.0
                0x0000000008048d00                atoi@@GLIBC_2.0
                0x0000000008048d10                sigaction@@GLIBC_2.0
                0x0000000008048d20                sigaltstack@@GLIBC_2.0
 *(.iplt)
 .iplt          0x0000000008048d30        0x0 /usr/lib/gcc/x86_64-linux-gnu/5/../../../../lib32/crt1.o

.plt.got        0x0000000008048d30        0x8
 *(.plt.got)
 .plt.got       0x0000000008048d30        0x8 /usr/lib/gcc/x86_64-linux-gnu/5/../../../../lib32/crt1.o

.text           0x0000000008048d40    0x1b0f2
 *(.text.unlikely .text.*_unlikely .text.unlikely.*)
 *(.text.exit .text.exit.*)
 *(.text.startup .text.startup.*)
 .text.startup  0x0000000008048d40      0x34a /home/francisco/Workspace/nodo/src/bin/native/cpu/startup.o
 *(.text.hot .text.hot.*)
 *(.text .stub .text.* .gnu.linkonce.t.*)
 .text          0x000000000804908a       0x22 /usr/lib/gcc/x86_64-linux-gnu/5/../../../../lib32/crt1.o
                0x000000000804908a                _start
 *fill*         0x00000000080490ac        0x4 
 .gnu.linkonce.t.__x86.get_pc_thunk.bx
                0x00000000080490b0        0x4 /usr/lib/gcc/x86_64-linux-gnu/5/../../../../lib32/crti.o
                0x00000000080490b0                __x86.get_pc_thunk.bx
 *fill*         0x00000000080490b4        0xc 
 .text          0x00000000080490c0       0xbb /usr/lib/gcc/x86_64-linux-gnu/5/32/crtbegin.o
 .text._native_input
                0x000000000804917b       0x81 /home/francisco/Workspace/nodo/src/bin/native/cpu/startup.o
                0x000000000804917b                _native_input
 .text._native_log_output
                0x00000000080491fc      0x135 /home/francisco/Workspace/nodo/src/bin/native/cpu/startup.o
                0x00000000080491fc                _native_log_output
 .text.daemonize
                0x0000000008049331       0xd4 /home/francisco/Workspace/nodo/src/bin/native/cpu/startup.o
                0x0000000008049331                daemonize
 .text.filter_daemonize_argv
                0x0000000008049405       0xa0 /home/francisco/Workspace/nodo/src/bin/native/cpu/startup.o
 .text.usage_exit
                0x00000000080494a5       0xa6 /home/francisco/Workspace/nodo/src/bin/native/cpu/startup.o
                0x00000000080494a5                usage_exit
 .text.main     0x000000000804954b       0x6f /home/francisco/Workspace/nodo/src/bin/native/gcoap.a(main.o)
                0x000000000804954b                main
 .text.byteorder_swaps
                0x00000000080495ba       0x33 /home/francisco/Workspace/nodo/src/bin/native/gcoap.a(gcoap_cli.o)
 .text.byteorder_ntohs
                0x00000000080495ed       0x3f /home/francisco/Workspace/nodo/src/bin/native/gcoap.a(gcoap_cli.o)
 .text.ntohs    0x000000000804962c       0x43 /home/francisco/Workspace/nodo/src/bin/native/gcoap.a(gcoap_cli.o)
 .text.coap_get_code_class
                0x000000000804966f       0x39 /home/francisco/Workspace/nodo/src/bin/native/gcoap.a(gcoap_cli.o)
 .text.coap_get_code_detail
                0x00000000080496a8       0x39 /home/francisco/Workspace/nodo/src/bin/native/gcoap.a(gcoap_cli.o)
 .text.coap_get_id
                0x00000000080496e1       0x45 /home/francisco/Workspace/nodo/src/bin/native/gcoap.a(gcoap_cli.o)
 .text.gcoap_request
                0x0000000008049726       0x7c /home/francisco/Workspace/nodo/src/bin/native/gcoap.a(gcoap_cli.o)
 .text._resp_handler
                0x00000000080497a2      0x180 /home/francisco/Workspace/nodo/src/bin/native/gcoap.a(gcoap_cli.o)
 .text._stats_handler
                0x0000000008049922       0x7c /home/francisco/Workspace/nodo/src/bin/native/gcoap.a(gcoap_cli.o)
 .text._send    0x000000000804999e      0x10e /home/francisco/Workspace/nodo/src/bin/native/gcoap.a(gcoap_cli.o)
 .text.gcoap_cli_cmd
                0x0000000008049aac      0x380 /home/francisco/Workspace/nodo/src/bin/native/gcoap.a(gcoap_cli.o)
                0x0000000008049aac                gcoap_cli_cmd
 .text.gcoap_cli_init
                0x0000000008049e2c       0x35 /home/francisco/Workspace/nodo/src/bin/native/gcoap.a(gcoap_cli.o)
                0x0000000008049e2c                gcoap_cli_init
 .text.mbox_try_put
                0x0000000008049e61       0x43 /home/francisco/Workspace/nodo/src/bin/native/gcoap.a(gcoap.o)
 .text.mutex_init
                0x0000000008049ea4       0x34 /home/francisco/Workspace/nodo/src/bin/native/gcoap.a(gcoap.o)
 .text.mutex_lock
                0x0000000008049ed8       0x3b /home/francisco/Workspace/nodo/src/bin/native/gcoap.a(gcoap.o)
 .text.byteorder_swapl
                0x0000000008049f13       0x2f /home/francisco/Workspace/nodo/src/bin/native/gcoap.a(gcoap.o)
 .text.byteorder_htonl
                0x0000000008049f42       0x4e /home/francisco/Workspace/nodo/src/bin/native/gcoap.a(gcoap.o)
 .text.htonl    0x0000000008049f90       0x3f /home/francisco/Workspace/nodo/src/bin/native/gcoap.a(gcoap.o)
 .text.coap_get_type
                0x0000000008049fcf       0x3b /home/francisco/Workspace/nodo/src/bin/native/gcoap.a(gcoap.o)
 .text.coap_get_token_len
                0x000000000804a00a       0x38 /home/francisco/Workspace/nodo/src/bin/native/gcoap.a(gcoap.o)
 .text.coap_get_code_class
                0x000000000804a042       0x39 /home/francisco/Workspace/nodo/src/bin/native/gcoap.a(gcoap.o)
 .text.coap_get_code_detail
                0x000000000804a07b       0x39 /home/francisco/Workspace/nodo/src/bin/native/gcoap.a(gcoap.o)
 .text.coap_get_code
                0x000000000804a0b4       0x4f /home/francisco/Workspace/nodo/src/bin/native/gcoap.a(gcoap.o)
 .text.coap_get_total_hdr_len
                0x000000000804a103       0x3b /home/francisco/Workspace/nodo/src/bin/native/gcoap.a(gcoap.o)
 .text.coap_hdr_set_code
                0x000000000804a13e       0x3b /home/francisco/Workspace/nodo/src/bin/native/gcoap.a(gcoap.o)
 .text.coap_hdr_set_type